java/lang/Object
java/io/Serializable
java/lang/Comparable
java/lang/CharSequence
java/lang/String
java/lang/reflect/AnnotatedElement
java/lang/reflect/GenericDeclaration
java/lang/reflect/Type
java/lang/Class
java/lang/Cloneable
java/lang/ClassLoader
java/lang/System
java/lang/Throwable
java/lang/Error
java/lang/ThreadDeath
java/lang/Exception
java/lang/RuntimeException
java/lang/SecurityManager
java/security/ProtectionDomain
java/security/AccessControlContext
java/security/SecureClassLoader
java/lang/ReflectiveOperationException
java/lang/ClassNotFoundException
java/lang/LinkageError
java/lang/NoClassDefFoundError
java/lang/ClassCastException
java/lang/ArrayStoreException
java/lang/VirtualMachineError
java/lang/OutOfMemoryError
java/lang/StackOverflowError
java/lang/IllegalMonitorStateException
java/lang/ref/Reference
java/lang/ref/SoftReference
java/lang/ref/WeakReference
java/lang/ref/FinalReference
java/lang/ref/PhantomReference
java/lang/ref/Finalizer
java/lang/Runnable
java/lang/Thread
java/lang/Thread$UncaughtExceptionHandler
java/lang/ThreadGroup
java/util/Dictionary
java/util/Map
java/util/Hashtable
java/util/Properties
java/lang/Module
java/lang/reflect/AccessibleObject
java/lang/reflect/Member
java/lang/reflect/Field
java/lang/reflect/Parameter
java/lang/reflect/Executable
java/lang/reflect/Method
java/lang/reflect/Constructor
jdk/internal/reflect/MagicAccessorImpl
jdk/internal/reflect/MethodAccessor
jdk/internal/reflect/MethodAccessorImpl
jdk/internal/reflect/ConstructorAccessor
jdk/internal/reflect/ConstructorAccessorImpl
jdk/internal/reflect/DelegatingClassLoader
jdk/internal/reflect/ConstantPool
jdk/internal/reflect/FieldAccessor
jdk/internal/reflect/FieldAccessorImpl
jdk/internal/reflect/UnsafeFieldAccessorImpl
jdk/internal/reflect/UnsafeStaticFieldAccessorImpl
java/lang/annotation/Annotation
jdk/internal/reflect/CallerSensitive
java/lang/invoke/MethodHandle
java/lang/invoke/DirectMethodHandle
java/lang/invoke/VarHandle
java/lang/invoke/MemberName
java/lang/invoke/ResolvedMethodName
java/lang/invoke/MethodHandleNatives
java/lang/invoke/LambdaForm
java/lang/invoke/MethodType
java/lang/BootstrapMethodError
java/lang/invoke/CallSite
java/lang/invoke/MethodHandleNatives$CallSiteContext
java/lang/invoke/ConstantCallSite
java/lang/invoke/MutableCallSite
java/lang/invoke/VolatileCallSite
java/lang/AssertionStatusDirectives
java/lang/Appendable
java/lang/AbstractStringBuilder
java/lang/StringBuffer
java/lang/StringBuilder
jdk/internal/misc/Unsafe
jdk/internal/module/Modules
java/lang/AutoCloseable
java/io/Closeable
java/io/InputStream
java/io/ByteArrayInputStream
java/net/URL
java/util/jar/Manifest
jdk/internal/loader/ClassLoaders
jdk/internal/loader/BuiltinClassLoader
jdk/internal/loader/ClassLoaders$AppClassLoader
jdk/internal/loader/ClassLoaders$PlatformClassLoader
java/security/CodeSource
java/lang/StackTraceElement
java/nio/Buffer
java/lang/StackWalker
java/lang/StackStreamFactory$AbstractStackWalker
java/lang/StackWalker$StackFrame
java/lang/StackFrameInfo
java/lang/LiveStackFrame
java/lang/LiveStackFrameInfo
java/util/concurrent/locks/AbstractOwnableSynchronizer
java/lang/Boolean
java/lang/Character
java/lang/Number
java/lang/Float
java/lang/Double
java/lang/Byte
java/lang/Short
java/lang/Integer
java/lang/Long
java/lang/NullPointerException
java/lang/ArithmeticException
java/io/ObjectStreamField
java/util/Comparator
java/lang/String$CaseInsensitiveComparator
java/security/AccessController
java/lang/Iterable
java/util/Collection
java/util/Set
java/util/AbstractCollection
java/util/ImmutableCollections$AbstractImmutableCollection
java/util/ImmutableCollections$AbstractImmutableSet
java/util/ImmutableCollections$Set12
java/util/Objects
java/security/PrivilegedAction
jdk/internal/reflect/ReflectionFactory$GetReflectionFactoryAction
java/security/cert/Certificate
java/util/AbstractSet
java/util/HashSet
java/util/AbstractMap
java/util/HashMap
java/util/concurrent/ConcurrentMap
java/util/concurrent/ConcurrentHashMap
java/lang/Runtime
java/util/concurrent/locks/Lock
java/util/concurrent/locks/ReentrantLock
java/util/concurrent/ConcurrentHashMap$Segment
java/util/concurrent/ConcurrentHashMap$CounterCell
java/util/Map$Entry
java/util/concurrent/ConcurrentHashMap$Node
java/util/concurrent/locks/LockSupport
java/util/concurrent/ConcurrentHashMap$ReservationNode
jdk/internal/reflect/ReflectionFactory
java/lang/ref/Reference$ReferenceHandler
jdk/internal/ref/Cleaner
java/lang/ref/ReferenceQueue
java/lang/ref/ReferenceQueue$Null
java/lang/ref/ReferenceQueue$Lock
jdk/internal/misc/JavaLangRefAccess
java/lang/ref/Reference$1
jdk/internal/misc/SharedSecrets
java/lang/ref/Finalizer$FinalizerThread
jdk/internal/misc/VM
java/lang/StringLatin1
java/util/Properties$EntrySet
java/util/concurrent/ConcurrentHashMap$CollectionView
java/util/concurrent/ConcurrentHashMap$EntrySetView
java/util/Collections
java/util/Collections$EmptySet
java/util/List
java/util/AbstractList
java/util/RandomAccess
java/util/Collections$EmptyList
java/util/Collections$EmptyMap
java/util/Collections$SynchronizedCollection
java/util/Collections$SynchronizedSet
java/lang/reflect/Array
java/util/concurrent/ConcurrentHashMap$Traverser
java/util/concurrent/ConcurrentHashMap$BaseIterator
java/util/Iterator
java/util/concurrent/ConcurrentHashMap$EntryIterator
java/util/concurrent/ConcurrentHashMap$MapEntry
java/util/ImmutableCollections$AbstractImmutableMap
java/util/ImmutableCollections$MapN
java/lang/Math
jdk/internal/util/StaticProperty
java/lang/VersionProps
java/io/FileInputStream
java/io/FileDescriptor
jdk/internal/misc/JavaIOFileDescriptorAccess
java/io/FileDescriptor$1
java/io/Flushable
java/io/OutputStream
java/io/FileOutputStream
java/io/FilterInputStream
java/io/BufferedInputStream
java/io/FilterOutputStream
java/io/PrintStream
java/io/BufferedOutputStream
java/io/Writer
java/io/OutputStreamWriter
sun/nio/cs/StreamEncoder
java/nio/charset/Charset
java/nio/charset/spi/CharsetProvider
sun/nio/cs/StandardCharsets
java/lang/ThreadLocal
java/util/concurrent/atomic/AtomicInteger
sun/security/action/GetPropertyAction
sun/nio/cs/HistoricallyNamedCharset
sun/nio/cs/Unicode
sun/nio/cs/UTF_8
java/nio/charset/CharsetEncoder
sun/nio/cs/UTF_8$Encoder
java/nio/charset/CodingErrorAction
java/util/Arrays
java/nio/ByteBuffer
jdk/internal/misc/JavaNioAccess
java/nio/Buffer$1
java/nio/HeapByteBuffer
java/nio/ByteOrder
java/io/BufferedWriter
java/lang/Terminator
jdk/internal/misc/Signal$Handler
java/lang/Terminator$1
jdk/internal/misc/Signal
java/util/Hashtable$Entry
jdk/internal/misc/Signal$NativeHandler
java/lang/Integer$IntegerCache
jdk/internal/misc/OSEnvironment
jdk/internal/misc/JavaLangAccess
java/lang/System$2
java/lang/IllegalArgumentException
java/lang/invoke/MethodHandleStatics
java/lang/CharacterData
java/lang/CharacterDataLatin1
jdk/internal/module/ModuleBootstrap
java/lang/module/ModuleDescriptor
jdk/internal/misc/JavaLangModuleAccess
java/lang/module/ModuleDescriptor$1
java/io/File
java/io/DefaultFileSystem
java/io/FileSystem
java/io/UnixFileSystem
java/io/ExpiringCache
java/util/LinkedHashMap
java/io/ExpiringCache$1
jdk/internal/module/ModulePatcher
jdk/internal/module/SystemModuleFinders
java/net/URI
jdk/internal/misc/JavaNetUriAccess
java/net/URI$1
jdk/internal/module/SystemModulesMap
jdk/internal/module/SystemModules
jdk/internal/module/SystemModules$default
jdk/internal/module/Builder
java/lang/module/ModuleDescriptor$Requires
java/util/ImmutableCollections
java/util/ImmutableCollections$SetN
java/lang/module/ModuleDescriptor$Exports
java/lang/module/ModuleDescriptor$Opens
java/lang/module/ModuleDescriptor$Provides
java/util/ImmutableCollections$AbstractImmutableList
java/util/ImmutableCollections$List12
java/lang/module/ModuleDescriptor$Version
java/util/ArrayList
java/lang/Enum
java/lang/module/ModuleDescriptor$Modifier
java/lang/module/ModuleDescriptor$Requires$Modifier
java/util/ImmutableCollections$ListN
jdk/internal/module/ModuleTarget
jdk/internal/module/ModuleHashes
jdk/internal/module/ModuleHashes$Builder
java/util/HashMap$Node
java/util/LinkedHashMap$Entry
java/util/HashMap$TreeNode
java/util/Collections$UnmodifiableMap
jdk/internal/module/ModuleResolution
java/lang/module/ModuleReference
java/util/function/Supplier
jdk/internal/module/SystemModuleFinders$2
jdk/internal/module/ModuleReferenceImpl
java/util/KeyValueHolder
jdk/internal/module/ModuleHashes$HashSupplier
jdk/internal/module/SystemModuleFinders$3
java/lang/module/ModuleFinder
jdk/internal/module/SystemModuleFinders$SystemModuleFinder
jdk/internal/module/ModuleBootstrap$Counters
java/util/Optional
jdk/internal/loader/BootLoader
jdk/internal/module/ServicesCatalog
jdk/internal/loader/AbstractClassLoaderValue
jdk/internal/loader/ClassLoaderValue
jdk/internal/loader/ClassLoaders$BootClassLoader
jdk/internal/reflect/Reflection
java/lang/ClassLoader$ParallelLoaders
java/util/WeakHashMap
java/util/WeakHashMap$Entry
java/util/Collections$SetFromMap
java/util/WeakHashMap$KeySet
java/util/Vector
jdk/internal/misc/JavaSecurityAccess
java/security/ProtectionDomain$JavaSecurityAccessImpl
java/security/ProtectionDomain$Key
java/security/Principal
jdk/internal/loader/URLClassPath
java/net/URLStreamHandlerFactory
java/net/URL$DefaultFactory
jdk/internal/misc/JavaNetURLAccess
java/net/URL$3
java/io/File$PathStatus
java/io/ExpiringCache$Entry
sun/net/www/ParseUtil
java/net/URLStreamHandler
sun/net/www/protocol/file/Handler
java/lang/Class$ReflectionData
java/lang/Class$Atomic
java/lang/reflect/Modifier
jdk/internal/reflect/LangReflectAccess
java/lang/reflect/ReflectAccess
java/lang/Class$1
jdk/internal/reflect/NativeConstructorAccessorImpl
jdk/internal/reflect/DelegatingConstructorAccessorImpl
java/util/Queue
java/util/Deque
java/util/ArrayDeque
jdk/internal/util/Preconditions
jdk/internal/loader/BuiltinClassLoader$LoadedModule
sun/net/www/protocol/jrt/Handler
java/util/ImmutableCollections$SetN$SetNIterator
java/lang/module/Configuration
java/lang/module/ResolvedModule
java/util/AbstractMap$1
java/util/AbstractMap$1$1
java/util/ImmutableCollections$MapN$1
java/util/ImmutableCollections$MapN$MapNIterator
java/util/ImmutableCollections$Set12$1
jdk/internal/module/ModuleLoaderMap
java/util/function/Function
jdk/internal/module/ModuleLoaderMap$Mapper
java/util/concurrent/ConcurrentHashMap$ForwardingNode
java/lang/ModuleLayer
java/util/ListIterator
java/util/ImmutableCollections$ListItr
java/util/ArrayList$Itr
java/util/Collections$UnmodifiableCollection
java/util/Collections$UnmodifiableSet
java/util/Collections$UnmodifiableCollection$1
java/util/concurrent/CopyOnWriteArrayList
jdk/internal/module/ServicesCatalog$ServiceProvider
java/util/HashMap$KeySet
java/util/HashMap$HashIterator
java/util/HashMap$KeyIterator
java/lang/ModuleLayer$Controller
jdk/internal/module/IllegalAccessLogger$Mode
jdk/internal/module/IllegalAccessLogger$Builder
java/util/HashMap$Values
java/util/HashMap$ValueIterator
jdk/internal/module/ModuleBootstrap$2
java/util/HashMap$EntrySet
java/util/HashMap$EntryIterator
jdk/internal/module/IllegalAccessLogger
jdk/jfr/internal/EventWriter
sun/launcher/LauncherHelper
java/lang/StringCoding
sun/nio/cs/ISO_8859_1
sun/nio/cs/US_ASCII
java/lang/StringCoding$1
java/lang/ThreadLocal$ThreadLocalMap
java/lang/ThreadLocal$ThreadLocalMap$Entry
jdk/internal/misc/TerminatingThreadLocal
java/lang/StringCoding$Result
java/util/zip/ZipConstants
java/util/zip/ZipFile
java/util/jar/JarFile
jdk/internal/misc/JavaUtilZipFileAccess
java/util/zip/ZipFile$1
jdk/internal/misc/JavaUtilJarAccess
java/util/jar/JavaUtilJarAccessImpl
java/lang/Runtime$Version
java/nio/charset/StandardCharsets
sun/nio/cs/UTF_16BE
sun/nio/cs/UTF_16LE
sun/nio/cs/UTF_16
java/util/zip/ZipCoder
java/util/zip/ZipCoder$UTF8
java/util/zip/ZipFile$CleanableResource
jdk/internal/ref/CleanerFactory
java/util/concurrent/ThreadFactory
jdk/internal/ref/CleanerFactory$1
java/lang/ref/Cleaner
java/lang/ref/Cleaner$1
jdk/internal/ref/CleanerImpl
java/lang/ref/Cleaner$Cleanable
jdk/internal/ref/PhantomCleanable
jdk/internal/ref/CleanerImpl$PhantomCleanableRef
jdk/internal/ref/WeakCleanable
jdk/internal/ref/CleanerImpl$WeakCleanableRef
jdk/internal/ref/SoftCleanable
jdk/internal/ref/CleanerImpl$SoftCleanableRef
jdk/internal/ref/CleanerImpl$CleanerCleanable
jdk/internal/ref/CleanerFactory$1$1
jdk/internal/misc/InnocuousThread
jdk/internal/misc/InnocuousThread$3
jdk/internal/misc/InnocuousThread$2
java/util/zip/ZipFile$Source
java/util/zip/ZipFile$Source$Key
java/nio/file/FileSystems
sun/nio/fs/DefaultFileSystemProvider
java/nio/file/spi/FileSystemProvider
sun/nio/fs/AbstractFileSystemProvider
sun/nio/fs/UnixFileSystemProvider
sun/nio/fs/BsdFileSystemProvider
sun/nio/fs/MacOSXFileSystemProvider
java/nio/file/OpenOption
java/nio/file/StandardOpenOption
java/nio/file/FileSystem
sun/nio/fs/UnixFileSystem
sun/nio/fs/BsdFileSystem
sun/nio/fs/MacOSXFileSystem
java/nio/file/Watchable
java/nio/file/Path
sun/nio/fs/UnixPath
sun/nio/fs/Util
sun/nio/fs/UnixNativeDispatcher
sun/nio/fs/UnixNativeDispatcher$1
java/lang/ClassLoader$2
java/lang/ClassLoader$NativeLibrary
java/util/ArrayDeque$DeqIterator
java/util/concurrent/ConcurrentHashMap$ValuesView
java/util/Enumeration
java/util/concurrent/ConcurrentHashMap$ValueIterator
java/nio/file/attribute/BasicFileAttributes
java/nio/file/attribute/PosixFileAttributes
sun/nio/fs/UnixFileAttributes
sun/nio/fs/UnixFileStoreAttributes
sun/nio/fs/UnixMountEntry
java/lang/Readable
java/nio/CharBuffer
java/nio/HeapCharBuffer
java/nio/charset/CoderResult
java/nio/file/FileSystems$DefaultFileSystemHolder
java/nio/file/FileSystems$DefaultFileSystemHolder$1
java/net/URI$Parser
java/nio/file/CopyOption
java/nio/file/LinkOption
java/nio/file/Files
java/nio/file/attribute/AttributeView
java/nio/file/attribute/FileAttributeView
java/nio/file/attribute/BasicFileAttributeView
sun/nio/fs/UnixFileAttributeViews
sun/nio/fs/DynamicFileAttributeView
sun/nio/fs/AbstractBasicFileAttributeView
sun/nio/fs/UnixFileAttributeViews$Basic
sun/nio/fs/NativeBuffers
sun/nio/fs/NativeBuffers$1
jdk/internal/misc/TerminatingThreadLocal$1
java/util/IdentityHashMap
java/util/IdentityHashMap$KeySet
sun/nio/fs/NativeBuffer
sun/nio/fs/NativeBuffer$Deallocator
sun/nio/fs/UnixFileAttributes$UnixAsBasicFileAttributes
java/util/concurrent/TimeUnit
java/nio/file/attribute/FileTime
java/io/DataOutput
java/io/DataInput
java/io/RandomAccessFile
jdk/internal/misc/JavaIORandomAccessFileAccess
java/io/RandomAccessFile$2
java/util/concurrent/atomic/AtomicBoolean
java/lang/invoke/MethodHandles
java/lang/invoke/MemberName$Factory
java/security/Guard
java/security/Permission
java/security/BasicPermission
java/lang/reflect/ReflectPermission
java/lang/invoke/MethodHandles$Lookup
sun/invoke/util/VerifyAccess
java/lang/NoSuchFieldException
java/lang/invoke/VarHandles
java/lang/invoke/VarHandleInts$FieldInstanceReadOnly
java/lang/invoke/VarHandleInts$FieldInstanceReadWrite
java/lang/invoke/VarHandle$1
java/util/function/BiFunction
jdk/internal/util/Preconditions$1
java/lang/invoke/VarHandleGuards
java/lang/invoke/VarForm
java/lang/invoke/VarHandle$AccessType
java/lang/Void
java/lang/invoke/VarHandle$AccessMode
java/lang/invoke/MethodType$ConcurrentWeakInternSet
java/lang/invoke/MethodType$ConcurrentWeakInternSet$WeakEntry
java/lang/invoke/MethodTypeForm
sun/invoke/util/Wrapper
sun/invoke/util/Wrapper$Format
java/io/FileCleanable
java/util/zip/ZipFile$Source$End
java/util/zip/ZipUtils
jdk/internal/perf/PerfCounter
jdk/internal/perf/Perf$GetPerfAction
jdk/internal/perf/Perf
jdk/internal/perf/PerfCounter$CoreCounters
sun/nio/ch/DirectBuffer
java/nio/MappedByteBuffer
java/nio/DirectByteBuffer
java/nio/Bits
java/util/concurrent/atomic/AtomicLong
jdk/internal/misc/JavaNioAccess$BufferPool
java/nio/Bits$1
java/nio/LongBuffer
java/nio/DirectLongBufferU
java/util/jar/JarFile$1
java/util/zip/ZipEntry
java/util/jar/JarEntry
java/util/jar/JarFile$JarFileEntry
java/util/zip/ZipFile$ZipFileInputStream
java/util/zip/InflaterInputStream
java/util/zip/ZipFile$ZipFileInflaterInputStream
java/util/zip/Inflater
java/util/zip/Inflater$InflaterZStreamRef
java/util/zip/ZipFile$InflaterCleanupAction
java/util/jar/JarVerifier
sun/security/util/Debug
java/security/CodeSigner
java/io/ByteArrayOutputStream
java/util/jar/Attributes
java/util/jar/Manifest$FastInputStream
sun/util/PreHashedMap
sun/nio/cs/StandardCharsets$Aliases
sun/nio/cs/StandardCharsets$Cache
java/util/jar/Attributes$Name
java/lang/invoke/VarHandle$AccessDescriptor
java/io/RandomAccessFile$1
sun/net/util/URLUtil
java/util/Locale
sun/util/locale/LocaleObjectCache
java/util/Locale$Cache
sun/util/locale/BaseLocale
sun/util/locale/BaseLocale$Cache
sun/util/locale/BaseLocale$Key
sun/util/locale/LocaleObjectCache$CacheEntry
sun/util/locale/LocaleUtils
sun/util/locale/InternalLocaleBuilder
sun/util/locale/InternalLocaleBuilder$CaseInsensitiveChar
java/security/PrivilegedExceptionAction
jdk/internal/loader/URLClassPath$3
jdk/internal/loader/URLClassPath$Loader
jdk/internal/loader/URLClassPath$JarLoader
sun/net/www/protocol/jar/Handler
jdk/internal/loader/URLClassPath$JarLoader$1
jdk/internal/loader/FileURLMapper
jdk/internal/util/jar/JarIndex
jdk/internal/loader/Resource
jdk/internal/loader/URLClassPath$JarLoader$2
java/lang/NamedPackage
java/lang/Package
java/lang/Package$VersionInfo
sun/nio/ByteBuffered
java/security/SecureClassLoader$CodeSourceKey
java/security/SecureClassLoader$1
java/security/PermissionCollection
java/security/Permissions
java/net/URLConnection
sun/net/www/URLConnection
sun/net/www/protocol/file/FileURLConnection
sun/net/www/MessageHeader
java/io/FilePermission
jdk/internal/misc/JavaIOFilePermissionAccess
java/io/FilePermission$1
sun/security/util/FilePermCompat
java/security/Permissions$1
java/io/FilePermissionCollection
java/io/FilePermissionCollection$1
java/security/AllPermission
java/security/UnresolvedPermission
java/lang/RuntimePermission
java/security/BasicPermissionCollection
java/security/SecureClassLoader$DebugHolder
lamtran/cds/Main
io/sphere/sdk/products/ProductDraft
io/sphere/sdk/models/WithLocalizedSlug
io/sphere/sdk/models/MetaAttributes
java/lang/PublicMethods$MethodList
java/lang/PublicMethods$Key
io/sphere/sdk/products/Product
io/sphere/sdk/products/ProductLike
io/sphere/sdk/models/ResourceView
io/sphere/sdk/models/Timestamped
io/sphere/sdk/models/CreationTimestamped
io/sphere/sdk/models/Versioned
io/sphere/sdk/models/Identifiable
io/sphere/sdk/products/ProductIdentifiable
io/sphere/sdk/models/Resource
io/sphere/sdk/models/Referenceable
io/sphere/sdk/models/ResourceIdentifiable
io/sphere/sdk/json/SphereJsonUtils
com/fasterxml/jackson/databind/Module
com/fasterxml/jackson/core/Versioned
io/sphere/sdk/json/LocaleModule
com/fasterxml/jackson/databind/module/SimpleModule
com/fasterxml/jackson/module/paramnames/ParameterNamesModule
com/fasterxml/jackson/datatype/jsr310/JavaTimeModule
io/sphere/sdk/json/DateTimeDeserializationModule
io/sphere/sdk/json/DateTimeSerializationModule
io/sphere/sdk/json/JavaMoneyModule
io/sphere/sdk/json/SphereEnumModule
com/fasterxml/jackson/databind/JsonNode
com/fasterxml/jackson/core/TreeNode
com/fasterxml/jackson/databind/JsonSerializable$Base
com/fasterxml/jackson/databind/JsonSerializable
com/fasterxml/jackson/databind/node/ObjectNode
com/fasterxml/jackson/databind/node/ContainerNode
com/fasterxml/jackson/databind/node/JsonNodeCreator
com/fasterxml/jackson/databind/node/BaseJsonNode
com/fasterxml/jackson/databind/node/ArrayNode
java/io/IOException
io/sphere/sdk/json/JsonException
io/sphere/sdk/models/SphereException
java/io/Reader
java/io/InputStreamReader
com/fasterxml/jackson/databind/ObjectMapper
com/fasterxml/jackson/core/ObjectCodec
com/fasterxml/jackson/core/TreeCodec
com/fasterxml/jackson/core/JsonFactory
com/fasterxml/jackson/databind/MappingJsonFactory
com/fasterxml/jackson/databind/jsontype/SubtypeResolver
com/fasterxml/jackson/databind/jsontype/impl/StdSubtypeResolver
com/fasterxml/jackson/databind/ser/DefaultSerializerProvider
com/fasterxml/jackson/databind/SerializerProvider
com/fasterxml/jackson/databind/DatabindContext
com/fasterxml/jackson/databind/ser/DefaultSerializerProvider$Impl
com/fasterxml/jackson/databind/deser/DeserializerFactory
com/fasterxml/jackson/databind/deser/BeanDeserializerFactory
com/fasterxml/jackson/databind/deser/BasicDeserializerFactory
com/fasterxml/jackson/databind/deser/DefaultDeserializationContext
com/fasterxml/jackson/databind/DeserializationContext
com/fasterxml/jackson/databind/deser/DefaultDeserializationContext$Impl
com/fasterxml/jackson/databind/ser/SerializerFactory
com/fasterxml/jackson/databind/ser/BeanSerializerFactory
com/fasterxml/jackson/databind/ser/BasicSerializerFactory
com/fasterxml/jackson/databind/JavaType
com/fasterxml/jackson/core/type/ResolvedType
com/fasterxml/jackson/databind/type/SimpleType
com/fasterxml/jackson/databind/type/TypeBase
com/fasterxml/jackson/databind/AnnotationIntrospector
com/fasterxml/jackson/databind/introspect/JacksonAnnotationIntrospector
com/fasterxml/jackson/databind/introspect/VisibilityChecker
java/text/Format
java/text/DateFormat
com/fasterxml/jackson/databind/util/StdDateFormat
com/fasterxml/jackson/databind/Module$SetupContext
com/fasterxml/jackson/core/JsonGenerator
com/fasterxml/jackson/databind/util/TokenBuffer
com/fasterxml/jackson/core/JsonProcessingException
com/fasterxml/jackson/core/io/SegmentedStringWriter
com/fasterxml/jackson/databind/JsonMappingException
com/fasterxml/jackson/databind/node/NullNode
com/fasterxml/jackson/databind/node/ValueNode
com/fasterxml/jackson/databind/introspect/ClassIntrospector
com/fasterxml/jackson/databind/introspect/BasicClassIntrospector
java/lang/IllegalStateException
com/fasterxml/jackson/databind/jsontype/TypeResolverBuilder
com/fasterxml/jackson/core/JsonParser
com/fasterxml/jackson/databind/node/TreeTraversingParser
com/fasterxml/jackson/core/base/ParserMinimalBase
com/fasterxml/jackson/core/util/ByteArrayBuilder
com/fasterxml/jackson/databind/type/TypeBindings
com/fasterxml/jackson/databind/type/MapLikeType
com/fasterxml/jackson/databind/introspect/AnnotationIntrospectorPair
com/fasterxml/jackson/databind/introspect/NopAnnotationIntrospector
com/fasterxml/jackson/databind/introspect/Annotated
com/fasterxml/jackson/databind/introspect/AnnotatedClass
com/fasterxml/jackson/databind/introspect/TypeResolutionContext
com/fasterxml/jackson/databind/introspect/AnnotatedMember
com/fasterxml/jackson/databind/introspect/VirtualAnnotatedMember
com/fasterxml/jackson/databind/introspect/BeanPropertyDefinition
com/fasterxml/jackson/databind/util/Named
com/fasterxml/jackson/databind/util/SimpleBeanPropertyDefinition
com/fasterxml/jackson/databind/ser/BeanPropertyWriter
com/fasterxml/jackson/databind/ser/PropertyWriter
com/fasterxml/jackson/databind/introspect/ConcreteBeanPropertyBase
com/fasterxml/jackson/databind/BeanProperty
com/fasterxml/jackson/databind/ser/impl/AttributePropertyWriter
com/fasterxml/jackson/databind/ser/VirtualBeanPropertyWriter
com/fasterxml/jackson/databind/introspect/AnnotatedMethod
com/fasterxml/jackson/databind/introspect/AnnotatedWithParams
java/lang/SecurityException
com/fasterxml/jackson/databind/annotation/JsonSerialize
com/fasterxml/jackson/annotation/JsonView
com/fasterxml/jackson/annotation/JsonFormat
com/fasterxml/jackson/annotation/JsonTypeInfo
com/fasterxml/jackson/annotation/JsonRawValue
com/fasterxml/jackson/annotation/JsonUnwrapped
com/fasterxml/jackson/annotation/JsonBackReference
com/fasterxml/jackson/annotation/JsonManagedReference
com/fasterxml/jackson/databind/annotation/JsonDeserialize
com/fasterxml/jackson/databind/ext/Java7Support
com/fasterxml/jackson/databind/ext/Java7SupportImpl
com/fasterxml/jackson/databind/JsonDeserializer
com/fasterxml/jackson/databind/ext/NioPathDeserializer
com/fasterxml/jackson/databind/deser/std/StdScalarDeserializer
com/fasterxml/jackson/databind/deser/std/StdDeserializer
com/fasterxml/jackson/databind/JsonSerializer
com/fasterxml/jackson/databind/jsonFormatVisitors/JsonFormatVisitable
com/fasterxml/jackson/databind/ext/NioPathSerializer
com/fasterxml/jackson/databind/ser/std/StdScalarSerializer
com/fasterxml/jackson/databind/ser/std/StdSerializer
com/fasterxml/jackson/databind/jsonschema/SchemaAware
java/beans/Transient
java/beans/ConstructorProperties
com/fasterxml/jackson/databind/util/LRUMap
com/fasterxml/jackson/databind/introspect/VisibilityChecker$Std
com/fasterxml/jackson/annotation/JsonAutoDetect
sun/reflect/annotation/AnnotationParser
sun/reflect/generics/parser/SignatureParser
sun/reflect/generics/tree/TypeArgument
sun/reflect/generics/tree/TypeTree
sun/reflect/generics/tree/Tree
sun/reflect/generics/tree/SimpleClassTypeSignature
sun/reflect/generics/tree/FieldTypeSignature
sun/reflect/generics/tree/BaseType
sun/reflect/generics/tree/TypeSignature
sun/reflect/generics/tree/ReturnType
sun/reflect/generics/tree/ClassTypeSignature
sun/reflect/generics/scope/ClassScope
sun/reflect/generics/scope/Scope
sun/reflect/generics/scope/AbstractScope
sun/reflect/generics/factory/CoreReflectionFactory
sun/reflect/generics/factory/GenericsFactory
sun/reflect/generics/visitor/Reifier
sun/reflect/generics/visitor/TypeTreeVisitor
java/lang/reflect/GenericArrayType
sun/reflect/annotation/AnnotationType
sun/reflect/annotation/AnnotationType$1
com/fasterxml/jackson/annotation/JsonAutoDetect$Visibility
java/lang/Class$3
jdk/internal/reflect/NativeMethodAccessorImpl
jdk/internal/reflect/DelegatingMethodAccessorImpl
sun/reflect/annotation/ExceptionProxy
java/lang/annotation/Retention
java/lang/annotation/Inherited
java/lang/annotation/Target
java/lang/annotation/RetentionPolicy
sun/reflect/annotation/AnnotationTypeMismatchExceptionProxy
sun/reflect/annotation/AnnotationParser$1
sun/reflect/annotation/AnnotationInvocationHandler
java/lang/reflect/InvocationHandler
java/lang/reflect/Proxy
jdk/internal/loader/AbstractClassLoaderValue$Sub
java/lang/invoke/LambdaMetafactory
java/lang/invoke/LambdaForm$NamedFunction
java/lang/invoke/DirectMethodHandle$Holder
sun/invoke/util/ValueConversions
java/lang/invoke/MethodHandleImpl
java/lang/invoke/Invokers
java/lang/invoke/LambdaForm$Kind
java/lang/NoSuchMethodException
java/lang/invoke/LambdaForm$BasicType
java/lang/invoke/LambdaForm$Name
java/lang/invoke/LambdaForm$Holder
java/lang/invoke/MethodHandleImpl$Intrinsic
java/lang/invoke/InvokerBytecodeGenerator
java/lang/invoke/InvokerBytecodeGenerator$2
java/lang/invoke/BootstrapMethodInvoker
java/lang/invoke/Invokers$Holder
jdk/internal/misc/JavaLangInvokeAccess
java/lang/invoke/MethodHandleImpl$1
java/lang/invoke/AbstractValidatingLambdaMetafactory
java/lang/invoke/InnerClassLambdaMetafactory
jdk/internal/org/objectweb/asm/Type
java/lang/invoke/MethodHandleInfo
java/lang/invoke/InfoFromMemberName
sun/invoke/util/BytecodeDescriptor
jdk/internal/org/objectweb/asm/ClassVisitor
jdk/internal/org/objectweb/asm/ClassWriter
jdk/internal/org/objectweb/asm/ByteVector
jdk/internal/org/objectweb/asm/Item
jdk/internal/org/objectweb/asm/MethodVisitor
jdk/internal/org/objectweb/asm/MethodWriter
jdk/internal/org/objectweb/asm/Label
jdk/internal/org/objectweb/asm/Frame
jdk/internal/org/objectweb/asm/AnnotationVisitor
jdk/internal/org/objectweb/asm/AnnotationWriter
java/lang/invoke/TypeConvertingMethodAdapter
java/lang/invoke/InnerClassLambdaMetafactory$ForwardingMethodGenerator
java/lang/invoke/InnerClassLambdaMetafactory$1
java/lang/invoke/BoundMethodHandle
java/lang/invoke/ClassSpecializer
java/lang/invoke/BoundMethodHandle$Specializer
java/lang/invoke/ClassSpecializer$1
java/lang/invoke/ClassSpecializer$SpeciesData
java/lang/invoke/BoundMethodHandle$SpeciesData
java/util/ImmutableCollections$SubList
java/lang/invoke/ClassSpecializer$Factory
java/lang/invoke/BoundMethodHandle$Specializer$Factory
java/lang/invoke/SimpleMethodHandle
java/lang/invoke/BoundMethodHandle$Species_L
sun/invoke/util/VerifyType
sun/invoke/empty/Empty
java/lang/invoke/DirectMethodHandle$1
java/lang/invoke/DirectMethodHandle$Accessor
sun/invoke/util/Wrapper$1
java/lang/invoke/DelegatingMethodHandle
java/lang/invoke/MethodHandleImpl$IntrinsicMethodHandle
java/lang/invoke/DelegatingMethodHandle$Holder
java/lang/invoke/LambdaFormEditor
java/lang/invoke/LambdaFormEditor$Transform
java/lang/invoke/LambdaFormBuffer
java/lang/invoke/InvokerBytecodeGenerator$CpPatch
jdk/internal/loader/AbstractClassLoaderValue$Memoizer
java/lang/reflect/Proxy$ProxyBuilder
java/util/Collections$SingletonList
java/util/Collections$1
java/lang/PublicMethods
java/util/LinkedHashMap$LinkedValues
java/util/LinkedHashMap$LinkedValueIterator
java/util/LinkedHashMap$LinkedHashIterator
jdk/internal/org/objectweb/asm/FieldVisitor
jdk/internal/org/objectweb/asm/FieldWriter
java/lang/reflect/ProxyGenerator
sun/security/action/GetBooleanAction
java/lang/InterruptedException
java/lang/reflect/ProxyGenerator$ConstantPool
java/lang/reflect/ProxyGenerator$ProxyMethod
java/lang/reflect/ProxyGenerator$MethodInfo
java/lang/reflect/ProxyGenerator$ConstantPool$ValueEntry
java/lang/reflect/ProxyGenerator$ConstantPool$Entry
java/io/DataOutputStream
java/lang/reflect/ProxyGenerator$ConstantPool$IndirectEntry
java/lang/reflect/ProxyGenerator$FieldInfo
java/lang/reflect/ProxyGenerator$PrimitiveTypeInfo
java/lang/reflect/ProxyGenerator$ExceptionTableEntry
java/lang/reflect/Proxy$ProxyBuilder$1
com/fasterxml/jackson/annotation/JacksonAnnotation
com/sun/proxy/$Proxy1
java/lang/reflect/UndeclaredThrowableException
java/lang/IncompatibleClassChangeError
java/lang/NoSuchMethodError
java/lang/Class$AnnotationData
java/util/Collections$EmptyIterator
com/fasterxml/jackson/databind/cfg/BaseSettings
java/util/TimeZone
sun/util/calendar/ZoneInfo
sun/util/calendar/ZoneInfoFile
sun/util/calendar/ZoneInfoFile$1
java/io/DataInputStream
java/lang/StringUTF16
java/io/FileInputStream$1
sun/util/calendar/ZoneInfoFile$ZoneOffsetTransitionRule
com/fasterxml/jackson/databind/type/TypeFactory
com/fasterxml/jackson/databind/type/ReferenceType
com/fasterxml/jackson/databind/type/MapType
com/fasterxml/jackson/databind/type/CollectionType
com/fasterxml/jackson/databind/type/CollectionLikeType
com/fasterxml/jackson/databind/type/ResolvedRecursiveType
com/fasterxml/jackson/databind/type/ArrayType
com/fasterxml/jackson/databind/type/TypeParser
java/text/SimpleDateFormat
java/text/ParseException
java/text/AttributedCharacterIterator$Attribute
java/text/Format$Field
java/text/DateFormat$Field
java/util/Calendar
sun/util/calendar/ZoneInfoFile$Checksum
java/util/zip/CRC32
java/util/zip/Checksum
java/util/zip/Checksum$1
java/util/spi/LocaleServiceProvider
sun/util/spi/CalendarProvider
sun/util/locale/provider/LocaleProviderAdapter
sun/util/locale/provider/LocaleProviderAdapter$Type
java/util/Collections$UnmodifiableList
java/util/Collections$UnmodifiableRandomAccessList
sun/util/locale/provider/ResourceBundleBasedAdapter
sun/util/locale/provider/JRELocaleProviderAdapter
sun/util/locale/provider/FallbackLocaleProviderAdapter
sun/util/locale/provider/LocaleProviderAdapter$NonExistentAdapter
sun/util/locale/LanguageTag
java/util/Collections$SingletonSet
sun/util/locale/provider/LocaleResources
sun/util/resources/LocaleData
java/util/ResourceBundle$Control
java/util/ResourceBundle$Control$CandidateListCache
java/util/ResourceBundle
sun/util/locale/provider/LocaleProviderAdapter$1
sun/util/cldr/CLDRLocaleProviderAdapter
sun/util/locale/provider/LocaleDataMetaInfo
sun/util/cldr/CLDRBaseLocaleDataMetaInfo
sun/util/locale/ParseStatus
sun/util/locale/StringTokenIterator
sun/util/cldr/CLDRLocaleProviderAdapter$1
java/util/ServiceLoader
java/util/ServiceLoader$ModuleServicesLookupIterator
java/util/concurrent/CopyOnWriteArrayList$COWIterator
java/util/ServiceLoader$LazyClassPathLookupIterator
java/util/ServiceLoader$2
java/util/ServiceLoader$3
jdk/internal/loader/BuiltinClassLoader$5
java/lang/module/ModuleReader
jdk/internal/module/SystemModuleFinders$SystemModuleReader
jdk/internal/module/ModulePatcher$PatchedModuleReader
jdk/internal/module/SystemModuleFinders$SystemImage
jdk/internal/jimage/ImageReaderFactory
java/nio/file/Paths
jdk/internal/jimage/ImageReaderFactory$1
jdk/internal/jimage/ImageReader
jdk/internal/jimage/BasicImageReader
jdk/internal/jimage/ImageReader$SharedImageReader
jdk/internal/jimage/BasicImageReader$1
jdk/internal/jimage/NativeImageBuffer
jdk/internal/jimage/NativeImageBuffer$1
jdk/internal/jimage/ImageHeader
java/nio/IntBuffer
java/nio/DirectIntBufferU
java/nio/DirectByteBufferR
java/nio/DirectIntBufferRU
jdk/internal/jimage/ImageStrings
jdk/internal/jimage/ImageStringsReader
jdk/internal/jimage/decompressor/Decompressor
jdk/internal/jimage/ImageLocation
sun/util/resources/cldr/provider/CLDRLocaleDataMetaInfo
java/util/ServiceLoader$1
java/util/ServiceLoader$Provider
java/util/ServiceLoader$ProviderImpl
java/lang/invoke/DirectMethodHandle$Special
sun/util/locale/provider/AvailableLanguageTags
sun/util/locale/provider/CalendarProviderImpl
java/util/StringTokenizer
java/util/Calendar$Builder
java/util/GregorianCalendar
sun/util/calendar/CalendarSystem
sun/util/calendar/AbstractCalendar
sun/util/calendar/BaseCalendar
sun/util/calendar/Gregorian
sun/util/locale/provider/CalendarDataUtility
java/util/spi/CalendarDataProvider
sun/util/locale/provider/LocaleServiceProviderPool
java/text/spi/BreakIteratorProvider
java/text/spi/CollatorProvider
java/text/spi/DateFormatProvider
java/text/spi/DateFormatSymbolsProvider
java/text/spi/DecimalFormatSymbolsProvider
java/text/spi/NumberFormatProvider
java/util/spi/CurrencyNameProvider
java/util/spi/LocaleNameProvider
java/util/spi/TimeZoneNameProvider
sun/util/locale/provider/LocaleServiceProviderPool$LocalizedObjectGetter
sun/util/locale/provider/CalendarDataUtility$CalendarWeekParameterGetter
java/util/ResourceBundle$SingleFormatControl
java/util/ResourceBundle$NoFallbackControl
java/util/AbstractSequentialList
java/util/LinkedList
java/util/LinkedList$Node
sun/util/locale/provider/CalendarDataProviderImpl
sun/util/cldr/CLDRCalendarDataProviderImpl
sun/util/resources/LocaleData$1
sun/util/resources/Bundles$Strategy
sun/util/resources/LocaleData$LocaleDataStrategy
sun/util/resources/Bundles
sun/util/resources/Bundles$1
jdk/internal/misc/JavaUtilResourceBundleAccess
java/util/ResourceBundle$1
java/util/ResourceBundle$2
sun/util/resources/Bundles$CacheKey
sun/util/resources/cldr/CalendarData
java/util/ListResourceBundle
java/util/ResourceBundle$ResourceBundleProviderHelper
sun/util/resources/Bundles$CacheKeyReference
sun/util/resources/Bundles$BundleReference
sun/util/locale/provider/LocaleResources$ResourceReference
sun/util/calendar/CalendarDate
sun/util/calendar/BaseCalendar$Date
sun/util/calendar/Gregorian$Date
sun/util/calendar/CalendarUtils
java/text/DateFormatSymbols
sun/util/locale/provider/DateFormatSymbolsProviderImpl
sun/text/resources/cldr/FormatData
sun/text/resources/cldr/FormatData_en
java/text/NumberFormat
sun/util/locale/provider/NumberFormatProviderImpl
java/text/DecimalFormatSymbols
sun/util/locale/provider/DecimalFormatSymbolsProviderImpl
java/text/DecimalFormat
java/text/FieldPosition
java/text/DigitList
java/math/RoundingMode
java/util/Date
com/fasterxml/jackson/core/Base64Variants
com/fasterxml/jackson/core/Base64Variant
com/fasterxml/jackson/core/SerializableString
java/lang/UnsupportedOperationException
com/fasterxml/jackson/core/json/UTF8DataInputJsonParser
com/fasterxml/jackson/core/base/ParserBase
com/fasterxml/jackson/core/json/ReaderBasedJsonParser
com/fasterxml/jackson/core/json/WriterBasedJsonGenerator
com/fasterxml/jackson/core/json/JsonGeneratorImpl
com/fasterxml/jackson/core/base/GeneratorBase
com/fasterxml/jackson/core/json/UTF8JsonGenerator
com/fasterxml/jackson/core/io/UTF8Writer
com/fasterxml/jackson/core/io/DataOutputAsStream
java/io/CharArrayReader
java/io/StringReader
com/fasterxml/jackson/core/JsonFactory$Feature
com/fasterxml/jackson/core/JsonParser$Feature
com/fasterxml/jackson/core/JsonGenerator$Feature
com/fasterxml/jackson/core/util/DefaultPrettyPrinter
com/fasterxml/jackson/core/PrettyPrinter
com/fasterxml/jackson/core/util/Instantiatable
com/fasterxml/jackson/core/util/DefaultPrettyPrinter$Indenter
com/fasterxml/jackson/core/io/SerializedString
com/fasterxml/jackson/core/sym/CharsToNameCanonicalizer
java/util/concurrent/atomic/AtomicReference
java/lang/invoke/VarHandleObjects$FieldInstanceReadOnly
java/lang/invoke/VarHandleObjects$FieldInstanceReadWrite
com/fasterxml/jackson/core/sym/CharsToNameCanonicalizer$TableInfo
com/fasterxml/jackson/core/sym/CharsToNameCanonicalizer$Bucket
com/fasterxml/jackson/core/sym/ByteQuadsCanonicalizer
com/fasterxml/jackson/core/sym/ByteQuadsCanonicalizer$TableInfo
com/fasterxml/jackson/databind/util/RootNameLookup
com/fasterxml/jackson/databind/introspect/SimpleMixInResolver
com/fasterxml/jackson/databind/introspect/ClassIntrospector$MixInResolver
com/fasterxml/jackson/databind/BeanDescription
com/fasterxml/jackson/databind/introspect/BasicBeanDescription
com/fasterxml/jackson/databind/cfg/MapperConfig
com/fasterxml/jackson/databind/DeserializationConfig
com/fasterxml/jackson/databind/cfg/MapperConfigBase
com/fasterxml/jackson/databind/SerializationConfig
com/fasterxml/jackson/databind/util/Annotations
com/fasterxml/jackson/databind/introspect/AnnotatedConstructor
com/fasterxml/jackson/databind/introspect/AnnotatedField
com/fasterxml/jackson/databind/introspect/AnnotationMap
com/fasterxml/jackson/databind/introspect/AnnotatedParameter
com/fasterxml/jackson/databind/cfg/ConfigOverrides
com/fasterxml/jackson/annotation/JsonInclude$Value
com/fasterxml/jackson/annotation/JacksonAnnotationValue
com/fasterxml/jackson/annotation/JsonInclude$Include
com/fasterxml/jackson/annotation/JsonFormat$Value
com/fasterxml/jackson/annotation/JsonFormat$Shape
com/fasterxml/jackson/annotation/JsonFormat$Features
com/fasterxml/jackson/databind/MapperFeature
com/fasterxml/jackson/databind/cfg/ConfigFeature
com/fasterxml/jackson/core/util/DefaultPrettyPrinter$FixedSpaceIndenter
com/fasterxml/jackson/core/util/DefaultPrettyPrinter$NopIndenter
com/fasterxml/jackson/core/util/DefaultIndenter
com/fasterxml/jackson/databind/cfg/ContextAttributes
com/fasterxml/jackson/databind/cfg/ContextAttributes$Impl
com/fasterxml/jackson/databind/SerializationFeature
com/fasterxml/jackson/databind/DeserializationFeature
com/fasterxml/jackson/databind/node/JsonNodeFactory
com/fasterxml/jackson/databind/node/POJONode
com/fasterxml/jackson/databind/node/NumericNode
com/fasterxml/jackson/databind/node/DecimalNode
com/fasterxml/jackson/databind/node/ShortNode
com/fasterxml/jackson/databind/node/IntNode
com/fasterxml/jackson/databind/node/LongNode
com/fasterxml/jackson/databind/node/DoubleNode
com/fasterxml/jackson/databind/node/FloatNode
com/fasterxml/jackson/databind/node/BigIntegerNode
com/fasterxml/jackson/databind/node/TextNode
com/fasterxml/jackson/databind/node/BooleanNode
com/fasterxml/jackson/databind/node/BinaryNode
com/fasterxml/jackson/databind/ser/std/NullSerializer
com/fasterxml/jackson/databind/ser/impl/FailingSerializer
com/fasterxml/jackson/databind/ser/impl/UnknownSerializer
com/fasterxml/jackson/databind/ser/impl/TypeWrappedSerializer
com/fasterxml/jackson/databind/ser/std/StdDelegatingSerializer
com/fasterxml/jackson/databind/ser/ContextualSerializer
com/fasterxml/jackson/databind/ser/ResolvableSerializer
com/fasterxml/jackson/databind/ser/SerializerCache
com/fasterxml/jackson/databind/exc/UnrecognizedPropertyException
com/fasterxml/jackson/databind/exc/PropertyBindingException
com/fasterxml/jackson/databind/exc/InvalidFormatException
com/fasterxml/jackson/databind/exc/InvalidTypeIdException
com/fasterxml/jackson/databind/deser/impl/TypeWrappedDeserializer
com/fasterxml/jackson/databind/deser/UnresolvedForwardReference
com/fasterxml/jackson/databind/deser/std/EnumDeserializer
com/fasterxml/jackson/databind/deser/std/AtomicReferenceDeserializer
com/fasterxml/jackson/databind/deser/std/ReferenceTypeDeserializer
com/fasterxml/jackson/databind/deser/ContextualDeserializer
com/fasterxml/jackson/databind/deser/std/StringArrayDeserializer
com/fasterxml/jackson/databind/deser/std/ObjectArrayDeserializer
com/fasterxml/jackson/databind/deser/std/ContainerDeserializerBase
com/fasterxml/jackson/databind/deser/std/EnumSetDeserializer
com/fasterxml/jackson/databind/deser/AbstractDeserializer
com/fasterxml/jackson/databind/deser/std/ArrayBlockingQueueDeserializer
com/fasterxml/jackson/databind/deser/std/CollectionDeserializer
com/fasterxml/jackson/databind/deser/std/StringCollectionDeserializer
com/fasterxml/jackson/databind/deser/std/EnumMapDeserializer
com/fasterxml/jackson/databind/deser/std/MapDeserializer
com/fasterxml/jackson/databind/deser/ResolvableDeserializer
com/fasterxml/jackson/databind/deser/std/UntypedObjectDeserializer
com/fasterxml/jackson/databind/deser/std/StringDeserializer
com/fasterxml/jackson/databind/deser/std/MapEntryDeserializer
com/fasterxml/jackson/databind/deser/std/TokenBufferDeserializer
com/fasterxml/jackson/databind/deser/ValueInstantiator
com/fasterxml/jackson/databind/deser/std/JsonLocationInstantiator
com/fasterxml/jackson/databind/deser/ValueInstantiator$Base
com/fasterxml/jackson/databind/deser/SettableBeanProperty
com/fasterxml/jackson/databind/deser/CreatorProperty
com/fasterxml/jackson/databind/deser/impl/ErrorThrowingDeserializer
com/fasterxml/jackson/annotation/ObjectIdGenerator
com/fasterxml/jackson/databind/deser/impl/PropertyBasedObjectIdGenerator
com/fasterxml/jackson/annotation/ObjectIdGenerators$PropertyGenerator
com/fasterxml/jackson/annotation/ObjectIdGenerators$Base
com/fasterxml/jackson/databind/deser/std/ThrowableDeserializer
com/fasterxml/jackson/databind/deser/BeanDeserializer
com/fasterxml/jackson/databind/deser/BeanDeserializerBase
com/fasterxml/jackson/databind/deser/impl/MethodProperty
com/fasterxml/jackson/databind/deser/impl/FieldProperty
com/fasterxml/jackson/databind/deser/impl/SetterlessProperty
com/fasterxml/jackson/databind/deser/Deserializers
com/fasterxml/jackson/databind/PropertyName
java/util/SortedMap
java/util/TreeMap
java/util/NavigableMap
java/util/concurrent/ConcurrentNavigableMap
java/util/concurrent/ConcurrentSkipListMap
java/util/SortedSet
java/util/TreeSet
java/util/NavigableSet
com/fasterxml/jackson/databind/cfg/DeserializerFactoryConfig
com/fasterxml/jackson/databind/deser/BeanDeserializerModifier
com/fasterxml/jackson/databind/AbstractTypeResolver
com/fasterxml/jackson/databind/deser/ValueInstantiators
com/fasterxml/jackson/databind/deser/KeyDeserializers
com/fasterxml/jackson/databind/deser/std/StdKeyDeserializers
com/fasterxml/jackson/databind/KeyDeserializer
com/fasterxml/jackson/databind/deser/std/StdKeyDeserializer
com/fasterxml/jackson/databind/deser/std/StdKeyDeserializer$StringCtorKeyDeserializer
com/fasterxml/jackson/databind/deser/std/StdKeyDeserializer$StringFactoryKeyDeserializer
com/fasterxml/jackson/databind/deser/std/StdKeyDeserializer$DelegatingKD
com/fasterxml/jackson/databind/deser/std/StdKeyDeserializer$EnumKD
com/fasterxml/jackson/databind/deser/DeserializerCache
com/fasterxml/jackson/databind/deser/std/StdDelegatingDeserializer
com/fasterxml/jackson/databind/ser/std/JsonValueSerializer
com/fasterxml/jackson/databind/ser/std/SerializableSerializer
com/fasterxml/jackson/databind/ser/std/CalendarSerializer
com/fasterxml/jackson/databind/ser/std/DateTimeSerializerBase
com/fasterxml/jackson/databind/ser/std/DateSerializer
com/fasterxml/jackson/databind/ser/std/ByteBufferSerializer
com/fasterxml/jackson/databind/ser/std/InetAddressSerializer
com/fasterxml/jackson/databind/ser/std/InetSocketAddressSerializer
com/fasterxml/jackson/databind/ser/std/TimeZoneSerializer
com/fasterxml/jackson/databind/ser/std/ToStringSerializer
com/fasterxml/jackson/databind/ser/std/NumberSerializer
com/fasterxml/jackson/databind/ser/impl/IndexedStringListSerializer
com/fasterxml/jackson/databind/ser/std/StaticListSerializerBase
com/fasterxml/jackson/databind/ser/ContainerSerializer
com/fasterxml/jackson/databind/ser/impl/StringCollectionSerializer
com/fasterxml/jackson/databind/ser/std/CollectionSerializer
com/fasterxml/jackson/databind/ser/std/AsArraySerializerBase
com/fasterxml/jackson/databind/ser/impl/IndexedListSerializer
com/fasterxml/jackson/databind/ser/std/EnumSetSerializer
com/fasterxml/jackson/databind/ser/std/MapSerializer
com/fasterxml/jackson/databind/ser/impl/StringArraySerializer
com/fasterxml/jackson/databind/ser/std/ArraySerializerBase
com/fasterxml/jackson/databind/ser/std/ObjectArraySerializer
com/fasterxml/jackson/databind/ser/impl/IteratorSerializer
com/fasterxml/jackson/databind/ser/std/IterableSerializer
com/fasterxml/jackson/databind/ser/impl/MapEntrySerializer
com/fasterxml/jackson/databind/ser/std/EnumSerializer
com/fasterxml/jackson/databind/ser/std/AtomicReferenceSerializer
com/fasterxml/jackson/databind/ser/std/ReferenceTypeSerializer
com/fasterxml/jackson/databind/ser/BeanSerializer
com/fasterxml/jackson/databind/ser/std/BeanSerializerBase
com/fasterxml/jackson/databind/ser/impl/PropertyBasedObjectIdGenerator
com/fasterxml/jackson/databind/ser/std/StringSerializer
com/fasterxml/jackson/databind/ser/std/NonTypedScalarSerializerBase
com/fasterxml/jackson/databind/ser/std/NumberSerializers
com/fasterxml/jackson/databind/ser/std/NumberSerializers$IntegerSerializer
com/fasterxml/jackson/databind/ser/std/NumberSerializers$Base
com/fasterxml/jackson/core/JsonParser$NumberType
com/fasterxml/jackson/databind/ser/std/NumberSerializers$LongSerializer
com/fasterxml/jackson/databind/ser/std/NumberSerializers$IntLikeSerializer
com/fasterxml/jackson/databind/ser/std/NumberSerializers$ShortSerializer
com/fasterxml/jackson/databind/ser/std/NumberSerializers$DoubleSerializer
com/fasterxml/jackson/databind/ser/std/NumberSerializers$FloatSerializer
com/fasterxml/jackson/databind/ser/std/BooleanSerializer
java/math/BigInteger
java/math/BigDecimal
com/fasterxml/jackson/databind/ser/std/StdJdkSerializers
java/util/Currency
java/util/UUID
com/fasterxml/jackson/databind/ser/std/UUIDSerializer
java/util/regex/Pattern
com/fasterxml/jackson/databind/ser/std/StdJdkSerializers$AtomicBooleanSerializer
com/fasterxml/jackson/databind/ser/std/StdJdkSerializers$AtomicIntegerSerializer
com/fasterxml/jackson/databind/ser/std/StdJdkSerializers$AtomicLongSerializer
com/fasterxml/jackson/databind/ser/std/FileSerializer
com/fasterxml/jackson/databind/ser/std/ClassSerializer
java/sql/Timestamp
java/sql/Date
com/fasterxml/jackson/databind/ser/std/SqlDateSerializer
java/sql/Time
com/fasterxml/jackson/databind/ser/std/SqlTimeSerializer
com/fasterxml/jackson/databind/ser/std/TokenBufferSerializer
com/fasterxml/jackson/databind/cfg/SerializerFactoryConfig
com/fasterxml/jackson/databind/ser/Serializers
com/fasterxml/jackson/databind/ser/BeanSerializerModifier
com/fasterxml/jackson/databind/module/SimpleAbstractTypeResolver
io/sphere/sdk/json/LocaleSerializer
io/sphere/sdk/json/LocaleDeserializer
io/sphere/sdk/json/LocaleKeyDeserializer
io/sphere/sdk/json/LocaleKeySerializer
com/fasterxml/jackson/core/Version
com/fasterxml/jackson/databind/module/SimpleSerializers
com/fasterxml/jackson/databind/ser/Serializers$Base
com/fasterxml/jackson/databind/type/ClassKey
com/fasterxml/jackson/databind/module/SimpleDeserializers
com/fasterxml/jackson/databind/module/SimpleKeyDeserializers
java/util/LinkedHashSet
com/fasterxml/jackson/databind/ObjectMapper$1
com/fasterxml/jackson/databind/util/ArrayBuilders
com/fasterxml/jackson/module/paramnames/ParameterNamesAnnotationIntrospector
com/fasterxml/jackson/module/paramnames/PackageVersion
com/fasterxml/jackson/core/util/VersionUtil
java/util/regex/Pattern$Node
java/util/regex/Pattern$1
java/util/regex/Pattern$LastNode
java/util/regex/Pattern$GroupHead
java/util/regex/Pattern$CharProperty
java/util/regex/Pattern$BmpCharProperty
java/util/regex/Pattern$BitClass
java/util/regex/Pattern$CharPredicate
java/util/regex/Pattern$BmpCharPredicate
java/util/regex/Pattern$SliceNode
java/util/regex/Pattern$Slice
java/util/regex/Pattern$Begin
java/util/regex/Pattern$First
java/util/regex/Pattern$Start
java/util/regex/Pattern$TreeInfo
java/util/regex/MatchResult
java/util/regex/Matcher
java/util/regex/IntHashSet
java/util/ArrayList$SubList
com/fasterxml/jackson/databind/introspect/NopAnnotationIntrospector$1
java/lang/reflect/MalformedParametersException
com/fasterxml/jackson/module/paramnames/ParameterExtractor
com/fasterxml/jackson/datatype/jsr310/deser/InstantDeserializer
com/fasterxml/jackson/datatype/jsr310/deser/JSR310DateTimeDeserializerBase
com/fasterxml/jackson/datatype/jsr310/deser/JSR310DeserializerBase
com/fasterxml/jackson/datatype/jsr310/deser/DurationDeserializer
com/fasterxml/jackson/datatype/jsr310/deser/LocalDateTimeDeserializer
com/fasterxml/jackson/datatype/jsr310/deser/LocalDateDeserializer
com/fasterxml/jackson/datatype/jsr310/deser/LocalTimeDeserializer
com/fasterxml/jackson/datatype/jsr310/deser/MonthDayDeserializer
com/fasterxml/jackson/datatype/jsr310/deser/OffsetTimeDeserializer
com/fasterxml/jackson/datatype/jsr310/deser/YearDeserializer
com/fasterxml/jackson/datatype/jsr310/deser/YearMonthDeserializer
com/fasterxml/jackson/datatype/jsr310/ser/DurationSerializer
com/fasterxml/jackson/datatype/jsr310/ser/JSR310FormattedSerializerBase
com/fasterxml/jackson/datatype/jsr310/ser/JSR310SerializerBase
com/fasterxml/jackson/datatype/jsr310/ser/InstantSerializer
com/fasterxml/jackson/datatype/jsr310/ser/InstantSerializerBase
com/fasterxml/jackson/datatype/jsr310/ser/LocalDateTimeSerializer
com/fasterxml/jackson/datatype/jsr310/ser/LocalDateSerializer
com/fasterxml/jackson/datatype/jsr310/ser/LocalTimeSerializer
com/fasterxml/jackson/datatype/jsr310/ser/MonthDaySerializer
com/fasterxml/jackson/datatype/jsr310/ser/OffsetDateTimeSerializer
com/fasterxml/jackson/datatype/jsr310/ser/OffsetTimeSerializer
com/fasterxml/jackson/datatype/jsr310/ser/YearSerializer
com/fasterxml/jackson/datatype/jsr310/ser/YearMonthSerializer
com/fasterxml/jackson/datatype/jsr310/ser/ZonedDateTimeSerializer
com/fasterxml/jackson/datatype/jsr310/ser/key/ZonedDateTimeKeySerializer
com/fasterxml/jackson/datatype/jsr310/deser/key/DurationKeyDeserializer
com/fasterxml/jackson/datatype/jsr310/deser/key/Jsr310KeyDeserializer
com/fasterxml/jackson/datatype/jsr310/deser/key/InstantKeyDeserializer
com/fasterxml/jackson/datatype/jsr310/deser/key/LocalDateTimeKeyDeserializer
com/fasterxml/jackson/datatype/jsr310/deser/key/LocalDateKeyDeserializer
com/fasterxml/jackson/datatype/jsr310/deser/key/LocalTimeKeyDeserializer
com/fasterxml/jackson/datatype/jsr310/deser/key/MonthDayKeyDeserializer
com/fasterxml/jackson/datatype/jsr310/deser/key/OffsetDateTimeKeyDeserializer
com/fasterxml/jackson/datatype/jsr310/deser/key/OffsetTimeKeyDeserializer
com/fasterxml/jackson/datatype/jsr310/deser/key/PeriodKeyDeserializer
com/fasterxml/jackson/datatype/jsr310/deser/key/YearKeyDeserializer
com/fasterxml/jackson/datatype/jsr310/deser/key/YearMothKeyDeserializer
com/fasterxml/jackson/datatype/jsr310/deser/key/ZonedDateTimeKeyDeserializer
com/fasterxml/jackson/datatype/jsr310/deser/key/ZoneIdKeyDeserializer
com/fasterxml/jackson/datatype/jsr310/deser/key/ZoneOffsetKeyDeserializer
com/fasterxml/jackson/datatype/jsr310/PackageVersion
java/time/temporal/TemporalAccessor
java/time/temporal/Temporal
java/time/temporal/TemporalAdjuster
java/time/Instant
java/time/DateTimeException
java/lang/NumberFormatException
java/time/format/DateTimeFormatter
java/time/format/DateTimeFormatterBuilder
java/time/ZoneId
java/time/temporal/TemporalQuery
java/lang/Character$CharacterCache
java/time/temporal/TemporalField
java/time/temporal/ChronoField
java/time/temporal/TemporalUnit
java/time/temporal/ChronoUnit
java/time/temporal/TemporalAmount
java/time/Duration
java/time/temporal/ValueRange
java/time/temporal/IsoFields
java/time/temporal/IsoFields$Field
java/time/temporal/IsoFields$Field$1
java/time/temporal/IsoFields$Field$2
java/time/temporal/IsoFields$Field$3
java/time/temporal/IsoFields$Field$4
java/time/temporal/IsoFields$Unit
java/time/temporal/JulianFields
java/time/temporal/JulianFields$Field
java/time/format/DateTimeFormatterBuilder$2
java/time/format/SignStyle
java/time/format/DateTimeFormatterBuilder$DateTimePrinterParser
java/time/format/DateTimeFormatterBuilder$NumberPrinterParser
java/time/format/DateTimeFormatterBuilder$CharLiteralPrinterParser
java/time/format/ResolverStyle
java/time/chrono/Chronology
java/time/chrono/AbstractChronology
java/time/chrono/IsoChronology
java/util/Locale$Category
java/util/Locale$1
java/time/format/DateTimeFormatterBuilder$CompositePrinterParser
java/time/format/DecimalStyle
java/time/format/DateTimeFormatterBuilder$SettingsParser
java/time/format/DateTimeFormatterBuilder$OffsetIdPrinterParser
java/time/format/DateTimeFormatterBuilder$FractionPrinterParser
java/time/format/DateTimeFormatterBuilder$ZoneIdPrinterParser
java/time/format/DateTimeFormatterBuilder$StringLiteralPrinterParser
java/time/format/DateTimeFormatterBuilder$InstantPrinterParser
java/lang/Long$LongCache
java/time/format/TextStyle
java/util/Collections$SingletonMap
java/time/format/DateTimeTextProvider$LocaleStore
java/util/AbstractMap$SimpleImmutableEntry
java/util/LinkedHashMap$LinkedEntrySet
java/util/LinkedHashMap$LinkedEntryIterator
java/time/format/DateTimeTextProvider
java/time/format/DateTimeTextProvider$1
java/util/Arrays$LegacyMergeSort
java/util/TimSort
java/time/format/DateTimeFormatterBuilder$1
java/time/format/DateTimeFormatterBuilder$TextPrinterParser
java/time/chrono/ChronoPeriod
java/time/Period
com/fasterxml/jackson/datatype/jsr310/deser/InstantDeserializer$FromIntegerArguments
com/fasterxml/jackson/datatype/jsr310/deser/InstantDeserializer$FromDecimalArguments
sun/reflect/misc/ReflectUtil
java/time/OffsetDateTime
java/time/chrono/ChronoZonedDateTime
java/time/ZonedDateTime
java/time/chrono/ChronoLocalDateTime
java/time/LocalDateTime
java/time/ZoneOffset
java/time/chrono/ChronoLocalDate
java/time/LocalDate
java/time/LocalTime
java/time/MonthDay
java/time/OffsetTime
com/fasterxml/jackson/datatype/jsr310/deser/JSR310StringParsableDeserializer
java/time/Year
java/time/YearMonth
java/util/function/ToLongFunction
java/util/function/ToIntFunction
java/lang/invoke/DirectMethodHandle$Interface
com/fasterxml/jackson/datatype/jsr310/JavaTimeModule$1
com/fasterxml/jackson/databind/deser/ValueInstantiators$Base
io/sphere/sdk/json/ZonedDateTimeDeserializer
io/sphere/sdk/json/ZonedDateTimeSerializer
io/sphere/sdk/json/LocalDateSerializer
io/sphere/sdk/json/LocalTimeSerializer
io/sphere/sdk/json/MoneySerializer
io/sphere/sdk/json/CurrencyUnitSerializer
io/sphere/sdk/json/MoneyDeserializer
io/sphere/sdk/json/CurrencyUnitDeserializer
javax/money/MonetaryAmount
javax/money/CurrencySupplier
javax/money/NumberSupplier
javax/money/CurrencyUnit
io/sphere/sdk/json/EnumSerializer
io/sphere/sdk/models/SphereEnumeration
io/sphere/sdk/json/SphereJsonUtils$SupplierThrowingIOException
jdk/internal/module/Resources
jdk/internal/loader/BuiltinClassLoader$2
sun/net/www/protocol/jar/JarURLConnection
java/net/JarURLConnection
sun/net/www/protocol/jar/JarFileFactory
sun/net/www/protocol/jar/URLJarFile$URLJarFileCloseController
sun/net/www/protocol/jar/URLJarFile
sun/net/www/protocol/jar/URLJarFileCallBack
java/util/zip/ZipFile$CleanableResource$FinalizableResource
sun/nio/fs/UnixFileKey
sun/net/www/protocol/jar/URLJarFile$URLJarFileEntry
sun/net/www/protocol/jar/JarURLConnection$JarURLInputStream
sun/nio/cs/StreamDecoder
sun/nio/cs/UTF_8$Decoder
java/nio/charset/CharsetDecoder
com/fasterxml/jackson/core/io/IOContext
com/fasterxml/jackson/core/util/BufferRecycler
com/fasterxml/jackson/core/JsonParseException
com/fasterxml/jackson/core/io/JsonEOFException
com/fasterxml/jackson/core/JsonStreamContext
com/fasterxml/jackson/core/json/JsonReadContext
java/math/BigDecimal$1
com/fasterxml/jackson/core/io/CharTypes
com/fasterxml/jackson/core/util/TextBuffer
com/fasterxml/jackson/core/JsonToken
com/fasterxml/jackson/databind/util/ArrayIterator
java/util/NoSuchElementException
com/fasterxml/jackson/databind/util/ClassUtil
com/fasterxml/jackson/databind/util/ClassUtil$Ctor
com/fasterxml/jackson/databind/util/ClassUtil$EmptyIterator
com/fasterxml/jackson/databind/JsonDeserializer$None
com/fasterxml/jackson/databind/KeyDeserializer$None
com/fasterxml/jackson/databind/util/Converter$None
com/fasterxml/jackson/databind/util/Converter
io/sphere/sdk/products/ProductImpl
io/sphere/sdk/products/ProductImplBase
io/sphere/sdk/models/Base
com/sun/proxy/$Proxy2
com/fasterxml/jackson/annotation/JacksonAnnotationsInside
java/lang/annotation/ElementType
java/lang/annotation/Documented
com/sun/proxy/$Proxy4
com/fasterxml/jackson/databind/introspect/POJOPropertiesCollector
com/fasterxml/jackson/annotation/JsonIdentityInfo
com/fasterxml/jackson/databind/annotation/NoClass
com/fasterxml/jackson/databind/type/ClassStack
sun/reflect/generics/repository/ClassRepository
sun/reflect/generics/repository/GenericDeclRepository
sun/reflect/generics/repository/AbstractRepository
sun/reflect/generics/tree/FormalTypeParameter
sun/reflect/generics/tree/ClassSignature
sun/reflect/generics/tree/Signature
sun/reflect/generics/reflectiveObjects/ParameterizedTypeImpl
java/lang/reflect/ParameterizedType
sun/reflect/generics/tree/TypeVariableSignature
java/lang/reflect/TypeVariable
sun/reflect/generics/reflectiveObjects/TypeVariableImpl
sun/reflect/generics/reflectiveObjects/LazyReflectiveObjectGenerator
com/fasterxml/jackson/databind/type/TypeBindings$TypeParamStash
com/fasterxml/jackson/databind/type/TypeBindings$AsKey
java/util/Arrays$ArrayList
java/util/Arrays$ArrayItr
com/fasterxml/jackson/databind/ext/OptionalHandlerFactory
org/w3c/dom/Node
org/w3c/dom/Document
com/fasterxml/jackson/databind/deser/std/JdkDeserializers
com/fasterxml/jackson/databind/deser/std/FromStringDeserializer$Std
com/fasterxml/jackson/databind/deser/std/FromStringDeserializer
com/fasterxml/jackson/databind/deser/std/UUIDDeserializer
com/fasterxml/jackson/databind/deser/std/StackTraceElementDeserializer
com/fasterxml/jackson/databind/deser/std/AtomicBooleanDeserializer
com/fasterxml/jackson/databind/deser/std/ByteBufferDeserializer
java/net/MalformedURLException
java/net/InetAddress
java/net/InetSocketAddress
java/net/SocketAddress
com/fasterxml/jackson/databind/annotation/JsonValueInstantiator
com/fasterxml/jackson/core/JsonLocation
com/fasterxml/jackson/databind/deser/impl/CreatorCollector
com/fasterxml/jackson/databind/deser/std/StdValueInstantiator
com/fasterxml/jackson/databind/introspect/TypeResolutionContext$Basic
io/sphere/sdk/models/ResourceIdentifier
com/fasterxml/jackson/core/type/TypeReference
io/sphere/sdk/products/Product$1
io/sphere/sdk/products/ProductCatalogData
io/sphere/sdk/models/Reference
io/sphere/sdk/reviews/ReviewRatingStatistics
java/lang/IllegalAccessException
javax/annotation/Nullable
javax/annotation/Nonnull
com/sun/proxy/$Proxy5
javax/annotation/meta/When
javax/annotation/meta/TypeQualifier
com/sun/proxy/$Proxy7
com/fasterxml/jackson/annotation/JsonSetter
com/fasterxml/jackson/annotation/JsonProperty
com/fasterxml/jackson/annotation/JsonAutoDetect$1
java/lang/NoSuchFieldError
com/fasterxml/jackson/annotation/JsonIgnore
com/fasterxml/jackson/annotation/JsonAnySetter
com/fasterxml/jackson/databind/introspect/POJOPropertyBuilder
com/fasterxml/jackson/databind/introspect/POJOPropertyBuilder$WithMember
com/fasterxml/jackson/core/util/InternCache
com/fasterxml/jackson/databind/introspect/POJOPropertyBuilder$Linked
com/fasterxml/jackson/databind/introspect/AnnotatedMethodMap
java/lang/reflect/InvocationTargetException
com/fasterxml/jackson/databind/introspect/MemberKey
io/sphere/sdk/products/ProductProjectionType
io/sphere/sdk/products/ProductProjection
io/sphere/sdk/products/ProductDataLike
io/sphere/sdk/products/ProductData
io/sphere/sdk/products/ProductToProductProjectionWrapper
com/fasterxml/jackson/annotation/JsonAnyGetter
com/fasterxml/jackson/annotation/JsonValue
com/fasterxml/jackson/annotation/JsonGetter
com/fasterxml/jackson/databind/util/BeanUtil
jdk/internal/reflect/MethodAccessorGenerator
jdk/internal/reflect/AccessorGenerator
jdk/internal/reflect/ClassFileConstants
jdk/internal/reflect/ByteVectorFactory
jdk/internal/reflect/ByteVectorImpl
jdk/internal/reflect/ByteVector
jdk/internal/reflect/ClassFileAssembler
jdk/internal/reflect/UTF8
jdk/internal/reflect/Label
jdk/internal/reflect/Label$PatchInfo
jdk/internal/reflect/MethodAccessorGenerator$1
jdk/internal/reflect/ClassDefiner
jdk/internal/reflect/ClassDefiner$1
jdk/internal/reflect/BootstrapConstructorAccessorImpl
com/fasterxml/jackson/annotation/JsonCreator
com/fasterxml/jackson/annotation/JsonCreator$Mode
com/sun/proxy/$Proxy8
sun/reflect/generics/scope/ConstructorScope
sun/reflect/generics/repository/ConstructorRepository
sun/reflect/generics/tree/VoidDescriptor
sun/reflect/generics/tree/MethodTypeSignature
io/sphere/sdk/producttypes/ProductType
io/sphere/sdk/producttypes/AttributeDefinitionContainer
io/sphere/sdk/models/WithKey
io/sphere/sdk/states/State
io/sphere/sdk/taxcategories/TaxCategory
sun/reflect/generics/tree/BottomSignature
sun/reflect/generics/tree/Wildcard
sun/reflect/generics/reflectiveObjects/WildcardTypeImpl
java/lang/reflect/WildcardType
java/util/concurrent/ConcurrentHashMap$TreeNode
java/util/concurrent/ConcurrentHashMap$TreeBin
com/fasterxml/jackson/annotation/JacksonInject
com/fasterxml/jackson/databind/introspect/POJOPropertyBuilder$9
com/fasterxml/jackson/annotation/JsonProperty$Access
com/fasterxml/jackson/databind/introspect/POJOPropertyBuilder$10
com/fasterxml/jackson/databind/annotation/JsonNaming
com/fasterxml/jackson/annotation/JsonPropertyOrder
java/util/LinkedList$ListItr
com/fasterxml/jackson/databind/introspect/POJOPropertyBuilder$MemberIterator
com/fasterxml/jackson/annotation/JsonPropertyDescription
com/fasterxml/jackson/databind/PropertyMetadata
com/fasterxml/jackson/databind/annotation/JsonTypeResolver
com/fasterxml/jackson/databind/BeanProperty$Std
com/fasterxml/jackson/databind/deser/impl/FailingDeserializer
io/sphere/sdk/products/ProductCatalogDataImpl
io/sphere/sdk/products/ProductCatalogDataImplBase
io/sphere/sdk/models/ReferenceImpl
io/sphere/sdk/models/ResourceIdentifierImpl
io/sphere/sdk/reviews/ReviewRatingStatisticsImpl
com/fasterxml/jackson/databind/deser/impl/CreatorCollector$StdTypeConstructor
com/fasterxml/jackson/databind/deser/BeanDeserializerBuilder
com/fasterxml/jackson/databind/deser/impl/ObjectIdValueProperty
com/fasterxml/jackson/databind/deser/BuilderBasedDeserializer
com/fasterxml/jackson/annotation/JsonIgnoreProperties
com/fasterxml/jackson/annotation/JsonIgnoreProperties$Value
com/fasterxml/jackson/databind/introspect/POJOPropertyBuilder$4
com/fasterxml/jackson/databind/introspect/POJOPropertyBuilder$5
com/fasterxml/jackson/databind/introspect/POJOPropertyBuilder$6
com/fasterxml/jackson/databind/introspect/POJOPropertyBuilder$7
com/fasterxml/jackson/databind/introspect/POJOPropertyBuilder$2
com/fasterxml/jackson/databind/introspect/POJOPropertyBuilder$8
sun/reflect/generics/repository/FieldRepository
com/fasterxml/jackson/databind/deser/impl/BeanPropertyMap
com/fasterxml/jackson/databind/exc/IgnoredPropertyException
com/fasterxml/jackson/databind/deser/impl/ManagedReferenceProperty
com/fasterxml/jackson/databind/deser/impl/ObjectIdReferenceProperty
com/fasterxml/jackson/databind/deser/impl/InnerClassProperty
com/fasterxml/jackson/databind/deser/impl/BeanAsArrayDeserializer
com/fasterxml/jackson/databind/deser/impl/ReadableObjectId$Referring
com/fasterxml/jackson/databind/deser/BeanDeserializer$BeanReferring
com/sun/proxy/$Proxy9
io/sphere/sdk/states/StateImpl
io/sphere/sdk/states/State$1
io/sphere/sdk/models/LocalizedString
io/sphere/sdk/states/StateType
com/sun/proxy/$Proxy10
io/sphere/sdk/states/StateRole
com/fasterxml/jackson/databind/deser/std/NumberDeserializers
com/fasterxml/jackson/databind/deser/std/NumberDeserializers$IntegerDeserializer
com/fasterxml/jackson/databind/deser/std/NumberDeserializers$PrimitiveOrWrapperDeserializer
com/fasterxml/jackson/databind/deser/std/NumberDeserializers$BooleanDeserializer
com/fasterxml/jackson/databind/deser/std/NumberDeserializers$LongDeserializer
com/fasterxml/jackson/databind/deser/std/NumberDeserializers$DoubleDeserializer
com/fasterxml/jackson/databind/deser/std/NumberDeserializers$CharacterDeserializer
com/fasterxml/jackson/databind/deser/std/NumberDeserializers$ByteDeserializer
com/fasterxml/jackson/databind/deser/std/NumberDeserializers$ShortDeserializer
com/fasterxml/jackson/databind/deser/std/NumberDeserializers$FloatDeserializer
com/fasterxml/jackson/databind/deser/std/NumberDeserializers$NumberDeserializer
com/fasterxml/jackson/databind/deser/std/NumberDeserializers$BigDecimalDeserializer
com/fasterxml/jackson/databind/deser/std/NumberDeserializers$BigIntegerDeserializer
java/lang/CloneNotSupportedException
java/io/ObjectInputStream
java/io/ObjectInput
java/io/ObjectStreamConstants
java/io/ObjectStreamException
com/fasterxml/jackson/databind/deser/std/FactoryBasedEnumDeserializer
io/sphere/sdk/models/LocalizedString$1
java/util/stream/BaseStream
java/util/stream/Stream
java/util/stream/Collector
io/sphere/sdk/models/LocalizedStringEntry
com/sun/proxy/$Proxy11
com/sun/proxy/$Proxy12
com/sun/proxy/$Proxy13
com/fasterxml/jackson/databind/deser/SettableAnyProperty
com/fasterxml/jackson/databind/deser/SettableAnyProperty$AnySetterReferring
jdk/internal/loader/BootLoader$PackageHelper
java/lang/InternalError
java/util/EnumMap
java/util/function/BiConsumer
java/io/ObjectOutputStream
java/io/ObjectOutput
com/fasterxml/jackson/databind/util/LinkedNode
com/fasterxml/jackson/databind/deser/ContextualKeyDeserializer
java/util/EnumSet
java/util/Spliterator
com/fasterxml/jackson/annotation/JsonFormat$Feature
com/fasterxml/jackson/databind/deser/impl/PropertyBasedCreator
com/fasterxml/jackson/databind/deser/impl/PropertyBasedCreator$CaseInsensitiveMap
com/fasterxml/jackson/databind/deser/std/StdKeyDeserializer$StringKD
com/fasterxml/jackson/databind/annotation/JacksonStdImpl
com/sun/proxy/$Proxy14
io/sphere/sdk/producttypes/ProductTypeImpl
io/sphere/sdk/producttypes/ProductType$1
io/sphere/sdk/products/attributes/AttributeDefinition
io/sphere/sdk/products/attributes/AttributeDefinitionImpl
java/util/function/UnaryOperator
java/util/function/Consumer
java/util/function/Predicate
io/sphere/sdk/products/attributes/AttributeType
io/sphere/sdk/products/attributes/AttributeConstraint
io/sphere/sdk/models/TextInputHint
com/fasterxml/jackson/annotation/JsonTypeInfo$As
com/fasterxml/jackson/annotation/JsonTypeInfo$Id
com/sun/proxy/$Proxy15
com/fasterxml/jackson/annotation/JsonSubTypes
com/fasterxml/jackson/annotation/JsonSubTypes$Type
io/sphere/sdk/products/attributes/StringAttributeType
io/sphere/sdk/products/attributes/AttributeTypeBase
com/sun/proxy/$Proxy16
io/sphere/sdk/products/attributes/LocalizedStringAttributeType
io/sphere/sdk/products/attributes/EnumAttributeType
io/sphere/sdk/products/attributes/LocalizedEnumAttributeType
io/sphere/sdk/products/attributes/NumberAttributeType
io/sphere/sdk/products/attributes/MoneyAttributeType
io/sphere/sdk/products/attributes/TimeAttributeType
io/sphere/sdk/products/attributes/DateAttributeType
io/sphere/sdk/products/attributes/DateTimeAttributeType
io/sphere/sdk/products/attributes/BooleanAttributeType
io/sphere/sdk/products/attributes/SetAttributeType
io/sphere/sdk/products/attributes/ReferenceAttributeType
io/sphere/sdk/products/attributes/RichReferenceAttributeType
io/sphere/sdk/products/attributes/NestedAttributeType
com/sun/proxy/$Proxy17
com/fasterxml/jackson/databind/jsontype/impl/StdTypeResolverBuilder
com/fasterxml/jackson/databind/jsontype/TypeDeserializer
com/fasterxml/jackson/databind/jsontype/impl/AsArrayTypeDeserializer
com/fasterxml/jackson/databind/jsontype/impl/TypeDeserializerBase
com/fasterxml/jackson/databind/jsontype/impl/AsPropertyTypeDeserializer
com/fasterxml/jackson/databind/jsontype/impl/AsWrapperTypeDeserializer
com/fasterxml/jackson/databind/jsontype/impl/AsExternalTypeDeserializer
com/fasterxml/jackson/databind/jsontype/TypeIdResolver
com/fasterxml/jackson/databind/jsontype/TypeSerializer
com/fasterxml/jackson/databind/jsontype/impl/AsArrayTypeSerializer
com/fasterxml/jackson/databind/jsontype/impl/TypeSerializerBase
com/fasterxml/jackson/databind/jsontype/impl/AsPropertyTypeSerializer
com/fasterxml/jackson/databind/jsontype/impl/AsWrapperTypeSerializer
com/fasterxml/jackson/databind/jsontype/impl/AsExternalTypeSerializer
com/fasterxml/jackson/databind/jsontype/impl/AsExistingPropertyTypeSerializer
com/fasterxml/jackson/databind/annotation/JsonTypeIdResolver
com/fasterxml/jackson/annotation/JsonTypeInfo$None
com/fasterxml/jackson/databind/jsontype/NamedType
com/fasterxml/jackson/annotation/JsonTypeName
com/fasterxml/jackson/databind/jsontype/impl/StdTypeResolverBuilder$1
com/fasterxml/jackson/databind/jsontype/impl/TypeNameIdResolver
com/fasterxml/jackson/databind/jsontype/impl/TypeIdResolverBase
com/fasterxml/jackson/databind/deser/std/NullifyingDeserializer
com/fasterxml/jackson/core/util/JsonParserSequence
com/fasterxml/jackson/core/util/JsonParserDelegate
io/sphere/sdk/products/ProductDataImpl
io/sphere/sdk/products/ProductDataImplBase
com/fasterxml/jackson/annotation/JsonIgnoreType
com/fasterxml/jackson/databind/introspect/POJOPropertyBuilder$1
io/sphere/sdk/models/MetaAttributesDsl
io/sphere/sdk/products/CategoryOrderHints
io/sphere/sdk/products/ProductVariant
io/sphere/sdk/products/AttributeContainer
io/sphere/sdk/search/SearchKeywords
io/sphere/sdk/categories/Category
io/sphere/sdk/types/Custom
io/sphere/sdk/products/ProductVariantImpl
io/sphere/sdk/products/ProductVariantImplBase
io/sphere/sdk/products/AttributeContainerBase
io/sphere/sdk/search/SearchKeywordsImpl
sun/reflect/generics/scope/MethodScope
sun/reflect/generics/repository/MethodRepository
io/sphere/sdk/search/SearchKeyword
io/sphere/sdk/search/SearchKeywordImpl
io/sphere/sdk/search/tokenizer/SuggestTokenizer
io/sphere/sdk/search/tokenizer/WhiteSpaceSuggestTokenizer
io/sphere/sdk/search/tokenizer/CustomSuggestTokenizer
io/sphere/sdk/products/attributes/AttributeAccess
io/sphere/sdk/products/ProductVariantAvailability
io/sphere/sdk/products/Price
io/sphere/sdk/products/PriceLike
io/sphere/sdk/products/ScopedPrice
io/sphere/sdk/products/ByIdVariantIdentifier
io/sphere/sdk/products/VariantIdentifier
io/sphere/sdk/products/attributes/AttributeMapper
io/sphere/sdk/products/attributes/Attribute
io/sphere/sdk/products/attributes/NamedAttributeAccess
io/sphere/sdk/models/Asset
io/sphere/sdk/products/Image
io/sphere/sdk/models/AssetImpl
io/sphere/sdk/products/attributes/AttributeImpl
io/sphere/sdk/products/ProductVariantAvailabilityImpl
io/sphere/sdk/products/ImageImpl
io/sphere/sdk/products/PriceImpl
io/sphere/sdk/products/ScopedPriceImpl
com/neovisionaries/i18n/CountryCode
io/sphere/sdk/types/CustomFields
io/sphere/sdk/productdiscounts/DiscountedPrice
io/sphere/sdk/channels/Channel
io/sphere/sdk/customergroups/CustomerGroup
io/sphere/sdk/products/PriceTier
io/sphere/sdk/types/CustomFieldsImpl
io/sphere/sdk/productdiscounts/DiscountedPriceImpl
io/sphere/sdk/products/PriceTierImpl
java/lang/FunctionalInterface
io/sphere/sdk/productdiscounts/ProductDiscount
io/sphere/sdk/productdiscounts/ProductDiscountImpl
io/sphere/sdk/productdiscounts/ProductDiscount$1
io/sphere/sdk/productdiscounts/ProductDiscountValue
io/sphere/sdk/productdiscounts/RelativeProductDiscountValue
io/sphere/sdk/productdiscounts/AbsoluteProductDiscountValue
io/sphere/sdk/productdiscounts/ExternalProductDiscountValue
com/fasterxml/jackson/databind/deser/std/JsonNodeDeserializer
com/fasterxml/jackson/databind/deser/std/BaseNodeDeserializer
com/fasterxml/jackson/databind/deser/std/JsonNodeDeserializer$ObjectDeserializer
com/fasterxml/jackson/databind/deser/std/JsonNodeDeserializer$ArrayDeserializer
io/sphere/sdk/types/Type
io/sphere/sdk/types/TypeImpl
io/sphere/sdk/types/Type$1
io/sphere/sdk/types/FieldDefinition
io/sphere/sdk/types/FieldDefinitionImpl
io/sphere/sdk/types/FieldType
io/sphere/sdk/types/BooleanFieldType
io/sphere/sdk/types/FieldTypeBase
io/sphere/sdk/types/StringFieldType
io/sphere/sdk/types/LocalizedStringFieldType
io/sphere/sdk/types/EnumFieldType
io/sphere/sdk/types/LocalizedEnumFieldType
io/sphere/sdk/types/NumberFieldType
io/sphere/sdk/types/MoneyFieldType
io/sphere/sdk/types/DateFieldType
io/sphere/sdk/types/TimeFieldType
io/sphere/sdk/types/DateTimeFieldType
io/sphere/sdk/types/ReferenceFieldType
io/sphere/sdk/types/SetFieldType
io/sphere/sdk/channels/ChannelImpl
io/sphere/sdk/channels/Channel$1
io/sphere/sdk/models/Address
io/sphere/sdk/models/GeoJSON
io/sphere/sdk/channels/ChannelRole
io/sphere/sdk/models/PointImpl
io/sphere/sdk/models/Point
io/sphere/sdk/models/AddressBuilder
io/sphere/sdk/models/Builder
com/neovisionaries/i18n/CountryCode$1
com/neovisionaries/i18n/CountryCode$2
com/neovisionaries/i18n/CountryCode$3
com/neovisionaries/i18n/CountryCode$4
com/neovisionaries/i18n/CountryCode$5
com/neovisionaries/i18n/CountryCode$6
com/neovisionaries/i18n/CountryCode$7
com/neovisionaries/i18n/CountryCode$8
com/neovisionaries/i18n/CountryCode$9
com/neovisionaries/i18n/CountryCode$10
com/neovisionaries/i18n/CountryCode$11
com/neovisionaries/i18n/CountryCode$12
com/neovisionaries/i18n/CountryCode$Assignment
com/fasterxml/jackson/databind/util/EnumResolver
com/fasterxml/jackson/annotation/JsonEnumDefaultValue
com/fasterxml/jackson/databind/util/CompactStringObjectMap
io/sphere/sdk/customergroups/CustomerGroupImpl
io/sphere/sdk/customergroups/CustomerGroup$1
io/sphere/sdk/inventory/AvailabilityInfo
io/sphere/sdk/inventory/AvailabilityInfoImpl
io/sphere/sdk/models/AssetSource
io/sphere/sdk/models/AssetSourceImpl
io/sphere/sdk/models/AssetDimensions
io/sphere/sdk/models/AssetDimensionsImpl
com/fasterxml/jackson/databind/annotation/JsonSerialize$Inclusion
com/fasterxml/jackson/databind/annotation/JsonSerialize$Typing
com/fasterxml/jackson/databind/JsonSerializer$None
com/sun/proxy/$Proxy19
io/sphere/sdk/models/EnumValue
io/sphere/sdk/models/LocalizedEnumValue
io/sphere/sdk/products/Image$1
io/sphere/sdk/products/ImageDimensions
io/sphere/sdk/categories/CategoryImpl
io/sphere/sdk/categories/Category$1
io/sphere/sdk/taxcategories/TaxCategoryImpl
io/sphere/sdk/taxcategories/TaxCategory$1
io/sphere/sdk/taxcategories/TaxRate
io/sphere/sdk/taxcategories/TaxRateImpl
io/sphere/sdk/taxcategories/SubRate
io/sphere/sdk/taxcategories/SubRateImpl
com/fasterxml/jackson/databind/deser/impl/PropertyValueBuffer
com/fasterxml/jackson/databind/deser/impl/PropertyValue
com/fasterxml/jackson/databind/deser/impl/PropertyValue$Map
com/fasterxml/jackson/databind/deser/impl/PropertyValue$Regular
com/fasterxml/jackson/databind/deser/impl/PropertyValue$Any
com/fasterxml/jackson/core/io/NumberInput
com/fasterxml/jackson/core/JsonGenerationException
com/fasterxml/jackson/databind/util/TokenBuffer$Parser
com/fasterxml/jackson/core/json/JsonWriteContext
com/fasterxml/jackson/databind/util/TokenBuffer$Segment
com/fasterxml/jackson/databind/util/TokenBuffer$1
io/sphere/sdk/utils/SphereInternalUtils
org/apache/commons/lang3/builder/HashCodeBuilder
org/apache/commons/lang3/builder/Builder
org/apache/commons/lang3/Validate
java/lang/IndexOutOfBoundsException
io/sphere/sdk/json/MoneyRepresentation
javax/money/MonetaryOperator
org/javamoney/moneta/internal/DefaultRoundingProvider
javax/money/spi/RoundingProviderSpi
javax/money/MonetaryRounding
io/sphere/sdk/utils/MoneyImpl
javax/money/NumberValue
org/javamoney/moneta/internal/JDKCurrencyProvider
javax/money/spi/CurrencyProviderSpi
java/util/Currency$1
jdk/internal/module/Checks
java/util/Currency$SpecialCaseEntry
java/util/Currency$OtherCurrencyEntry
org/javamoney/moneta/internal/JDKCurrencyAdapter
javax/money/CurrencyContextBuilder
javax/money/AbstractContextBuilder
javax/money/AbstractContext
javax/money/CurrencyContext
javax/money/CurrencyQueryBuilder
javax/money/AbstractQueryBuilder
javax/money/AbstractQuery
javax/money/CurrencyQuery
java/util/HashMap$KeySpliterator
java/util/HashMap$HashMapSpliterator
java/util/stream/StreamSupport
java/util/stream/PipelineHelper
java/util/stream/AbstractPipeline
java/util/stream/ReferencePipeline
java/util/stream/ReferencePipeline$Head
java/util/stream/StreamOpFlag
java/util/stream/StreamOpFlag$Type
java/util/stream/StreamOpFlag$MaskBuilder
java/util/EnumMap$1
java/util/stream/FindOps
java/util/stream/Sink
java/util/stream/TerminalSink
java/util/stream/FindOps$FindSink
java/util/stream/FindOps$FindSink$OfRef
java/util/stream/TerminalOp
java/util/stream/FindOps$FindOp
java/util/stream/StreamShape
java/lang/invoke/DirectMethodHandle$Constructor
javax/money/UnknownCurrencyException
javax/money/MonetaryException
java/math/MathContext
java/lang/StrictMath
org/javamoney/moneta/Money
javax/money/format/MonetaryAmountFormat
javax/money/MonetaryQuery
org/javamoney/moneta/spi/DefaultNumberValue
org/javamoney/moneta/DefaultMonetaryContextFactory
org/javamoney/moneta/spi/MonetaryConfig
java/util/logging/Logger
java/util/logging/Handler
java/util/logging/Level
java/util/logging/Level$KnownLevel
java/util/logging/Logger$LoggerBundle
java/util/logging/Logger$ConfigurationData
java/util/logging/LogManager
java/util/logging/LogManager$1
java/util/logging/LogManager$LoggerContext
java/util/logging/LogManager$SystemLoggerContext
java/util/logging/LogManager$LogNode
java/util/concurrent/locks/AbstractQueuedSynchronizer
java/util/concurrent/locks/ReentrantLock$Sync
java/util/concurrent/locks/ReentrantLock$NonfairSync
java/util/concurrent/locks/AbstractQueuedSynchronizer$Node
java/util/Collections$SynchronizedMap
java/util/logging/LogManager$Cleaner
java/lang/ApplicationShutdownHooks
java/lang/ApplicationShutdownHooks$1
java/lang/Shutdown
java/lang/Shutdown$Lock
java/util/logging/LoggingPermission
sun/util/logging/internal/LoggingProviderImpl$LogManagerAccess
java/util/logging/LogManager$LoggingProviderAccess
java/security/AccessController$1
sun/security/util/SecurityConstants
java/net/NetPermission
java/security/SecurityPermission
java/net/SocketPermission
java/security/AllPermissionCollection
java/lang/System$LoggerFinder
jdk/internal/logger/DefaultLoggerFinder
sun/util/logging/internal/LoggingProviderImpl
java/util/logging/LogManager$2
java/util/logging/LogManager$RootLogger
java/util/logging/LogManager$LoggerWeakRef
java/lang/invoke/StringConcatFactory
java/lang/invoke/StringConcatFactory$Strategy
java/lang/invoke/MethodHandleImpl$AsVarargsCollector
java/lang/invoke/StringConcatFactory$1
java/lang/invoke/StringConcatFactory$Mode
java/lang/invoke/StringConcatFactory$Recipe
java/lang/invoke/StringConcatFactory$RecipeElement
java/lang/invoke/StringConcatFactory$MethodHandleInlineCopyStrategy
java/lang/invoke/StringConcatFactory$MethodHandleInlineCopyStrategy$1
java/lang/invoke/StringConcatFactory$MethodHandleInlineCopyStrategy$2
java/lang/invoke/StringConcatFactory$MethodHandleInlineCopyStrategy$3
java/lang/StringConcatHelper
java/lang/invoke/StringConcatFactory$Stringifiers
java/lang/ClassValue
java/lang/invoke/StringConcatFactory$Stringifiers$StringifierMost
java/lang/ClassValue$Entry
java/lang/ClassValue$Identity
java/lang/ClassValue$Version
java/lang/invoke/StringConcatFactory$Stringifiers$StringifierAny
java/lang/ClassValue$ClassValueMap
java/lang/invoke/BoundMethodHandle$Species_LL
java/lang/invoke/BoundMethodHandle$Species_LLL
java/lang/invoke/BoundMethodHandle$Species_LLLL
java/lang/invoke/BoundMethodHandle$Species_LLLLL
java/lang/invoke/BoundMethodHandle$Species_LLLLLL
java/lang/Byte$ByteCache
java/lang/invoke/MethodHandles$1
java/lang/invoke/BoundMethodHandle$Species_LLLLLLI
sun/invoke/util/ValueConversions$WrapperCache
java/lang/invoke/BoundMethodHandle$Species_LLLLLLII
java/lang/invoke/BoundMethodHandle$Species_LLLLLLIIL
java/util/logging/LogManager$VisitedLoggers
java/util/logging/LogManager$LoggerContext$1
java/util/concurrent/ConcurrentHashMap$KeySetView
java/util/Collections$3
java/util/concurrent/ConcurrentHashMap$KeyIterator
java/util/Properties$LineReader
java/util/Hashtable$Enumerator
java/util/ArrayList$ArrayListSpliterator
java/util/stream/ReferencePipeline$StatelessOp
java/util/stream/ReferencePipeline$3
java/util/stream/ReferencePipeline$7
java/util/stream/Sink$ChainedReference
java/util/stream/ReferencePipeline$7$1
java/util/stream/ReferencePipeline$3$1
java/util/stream/Streams$AbstractStreamBuilderImpl
java/util/stream/Stream$Builder
java/util/stream/Streams$StreamBuilderImpl
java/util/stream/Streams
java/util/IdentityHashMap$Values
java/lang/System$Logger
sun/util/logging/PlatformLogger$Bridge
sun/util/logging/PlatformLogger$ConfigurableBridge
jdk/internal/logger/BootstrapLogger
jdk/internal/logger/BootstrapLogger$DetectBackend
jdk/internal/logger/BootstrapLogger$DetectBackend$1
java/util/Spliterators
java/util/Spliterators$EmptySpliterator
java/util/Spliterators$EmptySpliterator$OfRef
java/util/Spliterator$OfPrimitive
java/util/Spliterator$OfInt
java/util/Spliterators$EmptySpliterator$OfInt
java/util/Spliterator$OfLong
java/util/Spliterators$EmptySpliterator$OfLong
java/util/Spliterator$OfDouble
java/util/Spliterators$EmptySpliterator$OfDouble
java/util/Spliterators$ArraySpliterator
java/util/Spliterators$1Adapter
java/lang/Module$ReflectionData
java/lang/WeakPairMap
java/lang/WeakPairMap$Pair
java/lang/WeakPairMap$Pair$Lookup
java/util/Collections$EmptyEnumeration
jdk/internal/loader/BuiltinClassLoader$1
java/lang/CompoundEnumeration
jdk/internal/loader/URLClassPath$1
jdk/internal/logger/BootstrapLogger$LoggingBackend
jdk/internal/logger/BootstrapLogger$RedirectedLoggers
jdk/internal/logger/BootstrapLogger$BootstrapExecutors
java/util/logging/LogManager$4
java/util/logging/Logger$SystemLoggerHelper
java/util/logging/Logger$SystemLoggerHelper$1
jdk/internal/logger/DefaultLoggerFinder$1
javax/money/MonetaryContextBuilder
javax/money/MonetaryContext
javax/money/MonetaryAmountFactoryQuery
java/util/logging/LogRecord
java/time/Clock
java/time/Clock$SystemClock
java/util/logging/StreamHandler
java/util/logging/ConsoleHandler
java/util/logging/Formatter
java/util/logging/SimpleFormatter
sun/util/logging/PlatformLogger$ConfigurableBridge$LoggerConfiguration
jdk/internal/logger/SimpleConsoleLogger
jdk/internal/logger/SurrogateLogger
java/lang/System$Logger$Level
sun/util/logging/PlatformLogger
sun/util/logging/PlatformLogger$Level
jdk/internal/logger/SimpleConsoleLogger$Formatting
java/util/logging/ErrorManager
java/util/logging/Handler$1
java/util/logging/StreamHandler$1
java/util/logging/LogManager$CloseOnReset
java/time/ZoneRegion
java/time/zone/ZoneRulesProvider
java/time/zone/ZoneRulesProvider$1
java/time/zone/TzdbZoneRulesProvider
java/time/zone/Ser
java/io/Externalizable
java/time/zone/ZoneRules
java/time/zone/ZoneOffsetTransitionRule
java/time/Month
java/time/DayOfWeek
java/time/zone/ZoneOffsetTransitionRule$TimeDefinition
java/time/zone/ZoneOffsetTransition
java/time/temporal/TemporalAdjusters
java/time/LocalDate$1
java/time/zone/ZoneOffsetTransitionRule$1
java/util/logging/LogRecord$CallerFinder
java/lang/StackWalker$Option
java/util/RegularEnumSet
java/lang/StackStreamFactory
java/lang/StackWalker$ExtendedOption
java/lang/StackStreamFactory$StackFrameTraverser
java/lang/StackStreamFactory$WalkerState
java/lang/StackStreamFactory$1
java/lang/StackStreamFactory$FrameBuffer
java/lang/StackStreamFactory$StackFrameTraverser$StackFrameBuffer
java/util/stream/ReferencePipeline$2
java/util/stream/ReferencePipeline$2$1
java/lang/invoke/BoundMethodHandle$Species_LLLLLLL
java/lang/invoke/BoundMethodHandle$Species_LLLLLLLL
java/lang/invoke/BoundMethodHandle$Species_LLLLLLLLL
java/lang/invoke/BoundMethodHandle$Species_LLLLLLLLLI
java/lang/invoke/BoundMethodHandle$Species_LLLLLLLLLII
java/lang/invoke/BoundMethodHandle$Species_LLLLLLLLLIIL
java/lang/invoke/BoundMethodHandle$Species_LLLLLLLLLIILL
java/util/logging/Level$RbAccess
java/util/ResourceBundle$CacheKey
java/util/ResourceBundle$CacheKeyReference
java/util/ResourceBundle$KeyElementReference
java/util/ResourceBundle$3
sun/util/logging/resources/logging
java/util/ResourceBundle$BundleReference
java/util/Formatter
java/util/regex/Pattern$GroupTail
java/util/regex/CharPredicates
java/util/regex/Pattern$CharPropertyGreedy
java/util/regex/Pattern$BmpCharPropertyGreedy
java/util/regex/Pattern$Ques
java/util/regex/Pattern$Qtype
java/util/regex/Pattern$BranchConn
java/util/regex/Pattern$Branch
sun/util/locale/provider/BaseLocaleDataMetaInfo
sun/util/resources/provider/NonBaseLocaleDataMetaInfo
sun/util/resources/LocaleData$CommonResourceBundleProvider
sun/util/resources/LocaleData$LocaleDataResourceBundleProvider
java/util/spi/ResourceBundleProvider
java/util/regex/ASCII
java/util/Formatter$FormatString
java/util/Formatter$FormatSpecifier
java/util/Formatter$Flags
java/util/Formatter$DateTime
java/util/Formatter$FixedString
java/util/Formatter$Conversion
java/time/ZonedDateTime$1
java/time/LocalTime$1
java/util/Formattable
org/javamoney/moneta/ToStringMonetaryAmountFormat$ToStringMonetaryAmountFormatStyle
org/javamoney/moneta/ToStringMonetaryAmountFormat$ToStringMonetaryAmountFormatStyle$1
org/javamoney/moneta/ToStringMonetaryAmountFormat$ToStringMonetaryAmountFormatStyle$2
org/javamoney/moneta/ToStringMonetaryAmountFormat$ToStringMonetaryAmountFormatStyle$3
org/javamoney/moneta/ToStringMonetaryAmountFormat
javax/money/format/MonetaryParseException
javax/money/format/AmountFormatContextBuilder
javax/money/format/AmountFormatContext
javax/money/format/AmountFormatQuery
org/javamoney/moneta/spi/MoneyUtils
org/javamoney/moneta/spi/ConvertBigDecimal
org/javamoney/moneta/spi/ConvertBigDecimal$1
org/javamoney/moneta/spi/ConvertBigDecimal$2
org/javamoney/moneta/spi/ConvertBigDecimal$3
org/javamoney/moneta/spi/ConvertBigDecimal$4
org/javamoney/moneta/spi/ConvertBigDecimal$5
org/javamoney/moneta/spi/ConvertBigDecimal$6
org/javamoney/moneta/spi/ConvertBigDecimal$7
com/fasterxml/jackson/databind/node/MissingNode
java/text/ParsePosition
java/time/format/DateTimeParseContext
java/time/format/Parsed
java/time/temporal/TemporalQueries
java/time/temporal/TemporalQueries$1
java/time/temporal/TemporalQueries$2
java/time/temporal/TemporalQueries$3
java/time/temporal/TemporalQueries$4
java/time/temporal/TemporalQueries$5
java/time/temporal/TemporalQueries$6
java/time/temporal/TemporalQueries$7
java/util/stream/ForEachOps
java/util/stream/ForEachOps$ForEachOp$OfRef
java/util/stream/ForEachOps$ForEachOp
io/sphere/sdk/products/ProductsPackage
lamtran/cds/ProductSyncMockUtils
io/sphere/sdk/products/ProductVariantDraftDsl
io/sphere/sdk/products/ProductVariantDraft
java/util/stream/Collectors
java/util/stream/Collector$Characteristics
java/util/stream/Collectors$CollectorImpl
java/util/function/BinaryOperator
java/util/stream/ReduceOps
java/util/stream/ReduceOps$ReduceOp
java/util/stream/ReduceOps$3
java/util/stream/ReduceOps$Box
java/util/stream/ReduceOps$AccumulatingSink
java/util/stream/ReduceOps$3ReducingSink
io/sphere/sdk/products/ProductVariantDraftBuilder
io/sphere/sdk/products/ProductVariantDraftBuilderBase
io/sphere/sdk/models/AssetDraftDsl
io/sphere/sdk/models/AssetDraft
io/sphere/sdk/types/CustomDraft
io/sphere/sdk/products/attributes/AttributeDraft
io/sphere/sdk/products/attributes/AttributeDraftBuilder
io/sphere/sdk/products/attributes/AttributeAccess$1
io/sphere/sdk/products/attributes/AttributeAccess$2
io/sphere/sdk/products/attributes/AttributeAccess$3
io/sphere/sdk/products/attributes/AttributeAccess$4
io/sphere/sdk/products/attributes/AttributeAccess$5
io/sphere/sdk/products/attributes/AttributeAccess$6
io/sphere/sdk/products/attributes/AttributeAccess$7
io/sphere/sdk/products/attributes/AttributeAccess$8
io/sphere/sdk/products/attributes/AttributeAccess$9
io/sphere/sdk/products/attributes/AttributeAccess$10
io/sphere/sdk/products/attributes/AttributeAccess$11
io/sphere/sdk/products/attributes/AttributeAccess$12
io/sphere/sdk/products/attributes/AttributeAccess$13
io/sphere/sdk/products/attributes/AttributeAccess$14
io/sphere/sdk/products/attributes/AttributeAccess$15
io/sphere/sdk/products/attributes/AttributeAccess$16
io/sphere/sdk/products/attributes/AttributeAccess$18
io/sphere/sdk/products/attributes/AttributeAccess$19
io/sphere/sdk/products/attributes/AttributeAccess$17
io/sphere/sdk/products/attributes/AttributeAccessImpl
io/sphere/sdk/json/TypeReferences
io/sphere/sdk/json/TypeReferences$3
io/sphere/sdk/json/TypeReferences$13
io/sphere/sdk/json/TypeReferences$1
io/sphere/sdk/json/TypeReferences$6
io/sphere/sdk/json/TypeReferences$2
io/sphere/sdk/json/TypeReferences$5
io/sphere/sdk/json/TypeReferences$4
io/sphere/sdk/json/TypeReferences$10
io/sphere/sdk/json/TypeReferences$7
io/sphere/sdk/json/TypeReferences$8
io/sphere/sdk/json/TypeReferences$9
io/sphere/sdk/json/TypeReferences$11
io/sphere/sdk/json/TypeReferences$12
io/sphere/sdk/products/attributes/AttributeDraftImpl
io/sphere/sdk/products/PriceDraftDsl
io/sphere/sdk/products/PriceDraft
io/sphere/sdk/products/PriceDraftBuilder
io/sphere/sdk/types/CustomFieldsDraft
io/sphere/sdk/products/ProductDraftBuilder
io/sphere/sdk/products/ProductDraftBuilderBase
java/util/stream/SliceOps
java/util/stream/SliceOps$1
java/util/stream/ReferencePipeline$StatefulOp
java/util/stream/SliceOps$1$1
java/util/Spliterators$IteratorSpliterator
java/util/LinkedHashMap$LinkedKeySet
java/util/LinkedHashMap$LinkedKeyIterator
io/sphere/sdk/products/ProductDraftDsl
com/commercetools/sync/products/ProductSyncOptionsBuilder
com/commercetools/sync/commons/BaseSyncOptionsBuilder
com/commercetools/sync/commons/BaseSyncOptions
com/commercetools/sync/products/ProductSyncOptions
com/commercetools/sync/products/SyncFilter
com/commercetools/sync/products/utils/ProductSyncUtils
com/commercetools/sync/products/ActionGroup
com/commercetools/sync/products/utils/ProductUpdateActionUtils
io/sphere/sdk/commands/UpdateAction
com/commercetools/sync/commons/utils/FilterUtils
com/commercetools/sync/commons/utils/CommonTypeUpdateActionUtils
org/apache/commons/lang3/builder/EqualsBuilder
org/apache/commons/lang3/builder/IDKey
org/apache/commons/lang3/tuple/Pair
org/apache/commons/lang3/tuple/ImmutablePair
org/apache/commons/lang3/ArrayUtils
jdk/internal/reflect/UnsafeFieldAccessorFactory
jdk/internal/reflect/UnsafeQualifiedObjectFieldAccessorImpl
jdk/internal/reflect/UnsafeQualifiedFieldAccessorImpl
org/apache/commons/lang3/ObjectUtils
org/apache/commons/lang3/exception/CloneFailedException
org/apache/commons/lang3/ObjectUtils$Null
io/sphere/sdk/products/commands/updateactions/ChangeName
io/sphere/sdk/products/commands/updateactions/StagedProductUpdateActionImpl
io/sphere/sdk/commands/UpdateActionImpl
io/sphere/sdk/products/commands/updateactions/SetTaxCategory
org/apache/commons/lang3/StringUtils
com/commercetools/sync/commons/utils/CollectionUtils
java/util/HashMap$ValueSpliterator
io/sphere/sdk/products/commands/updateactions/RemoveVariant
com/commercetools/sync/products/utils/ProductVariantUpdateActionUtils
com/commercetools/sync/commons/exceptions/BuildUpdateActionException
com/commercetools/sync/products/utils/ProductVariantAttributeUpdateActionUtils
io/sphere/sdk/products/commands/updateactions/SetPrices
io/sphere/sdk/products/commands/updateactions/SetSku
org/apache/commons/lang3/BooleanUtils
io/sphere/sdk/products/commands/updateactions/Publish
org/apache/commons/lang3/builder/ReflectionToStringBuilder
org/apache/commons/lang3/builder/ToStringBuilder
org/apache/commons/lang3/builder/ToStringStyle
org/apache/commons/lang3/builder/ToStringStyle$DefaultToStringStyle
org/apache/commons/lang3/builder/ToStringStyle$MultiLineToStringStyle
org/apache/commons/lang3/builder/ToStringStyle$NoFieldNameToStringStyle
org/apache/commons/lang3/builder/ToStringStyle$ShortPrefixToStringStyle
org/apache/commons/lang3/builder/ToStringStyle$SimpleToStringStyle
org/apache/commons/lang3/builder/ToStringStyle$NoClassNameToStringStyle
org/apache/commons/lang3/builder/ToStringStyle$JsonToStringStyle
org/apache/commons/lang3/SystemUtils
org/apache/commons/lang3/JavaVersion
jdk/internal/math/FloatingDecimal
jdk/internal/math/FloatingDecimal$ExceptionalBinaryToASCIIBuffer
jdk/internal/math/FloatingDecimal$BinaryToASCIIConverter
jdk/internal/math/FloatingDecimal$BinaryToASCIIBuffer
jdk/internal/math/FloatingDecimal$1
jdk/internal/math/FloatingDecimal$PreparedASCIIToBinaryBuffer
jdk/internal/math/FloatingDecimal$ASCIIToBinaryConverter
jdk/internal/math/FloatingDecimal$ASCIIToBinaryBuffer
jdk/internal/math/FDBigInteger
io/sphere/sdk/models/SdkDefaults
org/apache/commons/lang3/ClassUtils
java/util/ComparableTimSort
java/util/Collections$UnmodifiableMap$UnmodifiableEntrySet
java/util/Collections$UnmodifiableMap$UnmodifiableEntrySet$UnmodifiableEntrySetSpliterator
java/util/stream/SortedOps
java/util/stream/SortedOps$OfRef
java/util/StringJoiner
java/util/stream/SortedOps$SizedRefSortingSink
java/util/stream/SortedOps$AbstractRefSortingSink
java/util/Collections$UnmodifiableMap$UnmodifiableEntrySet$UnmodifiableEntry
org/javamoney/moneta/spi/ConvertNumberValue
org/javamoney/moneta/spi/ConvertNumberValue$ConvertNumberValueBigDecimal
org/javamoney/moneta/spi/ConvertNumberValue$ConvertNumberValueI
org/javamoney/moneta/spi/ConvertNumberValue$ConvertNumberValueBigInteger
org/javamoney/moneta/spi/ConvertNumberValue$ConvertNumberValueFloat
org/javamoney/moneta/spi/ConvertNumberValue$ConvertNumberValueDouble
org/javamoney/moneta/spi/ConvertNumberValue$ConvertNumberValueLong
org/javamoney/moneta/spi/ConvertNumberValue$ConvertNumberValueInteger
org/javamoney/moneta/spi/ConvertNumberValue$ConvertNumberValueShort
org/javamoney/moneta/spi/ConvertNumberValue$ConvertNumberValueByte
org/javamoney/moneta/spi/ConvertNumberValue$ConvertNumberValueAtomicInteger
org/javamoney/moneta/spi/ConvertNumberValue$ConvertNumberValueAtomicLong
java/math/BigDecimal$StringBuilderHelper
java/util/IdentityHashMap$IdentityHashMapIterator
java/util/IdentityHashMap$KeyIterator
